******************************************************************************
               TMS320C6x Linker PC v8.1.0                      
******************************************************************************
>> Linked Tue Nov 19 17:45:38 2024

OUTPUT FILE NAME:   <stereo_c6678.out>
ENTRY POINT SYMBOL: "_c_int00"  address: 0c0480c0


MEMORY CONFIGURATION

         name            origin    length      used     unused   attr    fill
----------------------  --------  ---------  --------  --------  ----  --------
  L2SRAM                00800000   00060000  0002a5fd  00035a03  RW  
  OMP_MSMC_NC_PHY       0c000000   00020000  0000c4a4  00013b5c  RW  
  MSMCSRAM              0c020000   003e0000  0002e2c8  003b1d38  RW X
  DDR3                  80000000   20000000  08ed9e74  1712618c  RW X
  OMP_MSMC_NC_VIRT      a0000000   00020000  0000c4a4  00013b5c  RW  


SEGMENT ALLOCATION MAP

run origin  load origin   length   init length attrs members
----------  ----------- ---------- ----------- ----- -------
00800000    00800000    0002a601   00000000    rw-
  00800000    00800000    00020000   00000000    rw- .stack
  00820000    00820000    0000a46c   00000000    rw- .localfar
  0082a470    0082a470    00000120   00000000    rw- .cio
  0082a590    0082a590    00000071   00000000    rw- .tomp_gvMem
0c020000    0c020000    0002e0c8   0002e0c8    r-x
  0c020000    0c020000    0002e080   0002e080    r-x .text
  0c04e080    0c04e080    00000048   00000048    r-- .switch
0c04e400    0c04e400    00000200   00000200    r-x
  0c04e400    0c04e400    00000200   00000200    r-x .vecs
88000000    88000000    00ed4e08   00000000    rw-
  88000000    88000000    00cfa448   00000000    rw- .far
  88cfa448    88cfa448    000ed4e0   00000000    rw- .myInputVideoMem
  88de7928    88de7928    000ed4e0   00000000    rw- .myInputVideoMem2
88ed4e10    88ed4e10    000044e8   000044e8    r--
  88ed4e10    88ed4e10    000044e8   000044e8    r-- .const
88ed92f8    88ed92f8    00000138   00000000    rw-
  88ed92f8    88ed92f8    00000138   00000000    rw- .fardata
88ed9430    88ed9430    000000d0   00000004    rw-
  88ed9430    88ed9430    00000004   00000000    rw- .tdata
  88ed9438    88ed9438    000000c8   00000000    rw- .tbss
88ed9500    88ed9500    00000010   00000000    rw-
  88ed9500    88ed9500    00000004   00000000    rw- .bss
  88ed9504    88ed9504    0000000c   00000000    rw- .neardata
88ed9510    88ed9510    0000096c   0000096c    r--
  88ed9510    88ed9510    00000948   00000948    r-- .cinit
  88ed9e58    88ed9e58    00000024   00000024    r-- .TI.tls_init
a0000000    0c000000    0000a0a4   0000a0a4    rw-
  a0000000    0c000000    0000a0a4   0000a0a4    rw- .tomp_svNcMem
a000a100    0c00a100    00002400   00002400    rw-
  a000a100    0c00a100    00002400   00002400    rw- .qmss


SECTION ALLOCATION MAP

 output                                  attributes/
section   page    origin      length       input sections
--------  ----  ----------  ----------   ----------------
.stack     0    00800000    00020000     UNINITIALIZED
                  00800000    00000008     boot.ae66 : boot.oe66 (.stack)
                  00800008    0001fff8     --HOLE--

.localfar 
*          0    00820000    0000a46c     UNINITIALIZED
                  00820000    0000015c     (.common:ti_locks)
                  0082015c    00000004     --HOLE--
                  00820160    00000140     (.common:__TI_tmpnams)
                  008202a0    00000050     (.common:file_mutexes)
                  008202f0    00000024     (.common:resource_mutexes)
                  00820314    00000004     --HOLE--
                  00820318    00000008     (.common:parmbuf)
                  00820320    000001e0     rts6600_elf_mt.lib : defs.obj (.fardata:_ftable)
                  00820500    000000a0                        : lowlev.obj (.fardata:_stream)
                  008205a0    00000078                        : lowlev.obj (.fardata:_device)
                  00820618    00000018                        : exp.obj (.fardata:P$1)
                  00820630    00000018                        : exp.obj (.fardata:Q$2)
                  00820648    00000018                        : _pthread.obj (.fardata)
                  00820660    00000010                        : exit.obj (.fardata)
                  00820670    0000000c                        : _data_synch.obj (.fardata)
                  0082067c    00000008                        : _mutex.obj (.fardata)
                  00820684    00000004                        : _lock.obj (.fardata:_lock)
                  00820688    00000004                        : _lock.obj (.fardata:_unlock)
                  0082068c    00000004                        : defs.obj (.fardata)
                  00820690    00000004                        : dtor_list.obj (.fardata)
                  00820694    00000120     ti.drv.qmss.ae66 : qmss_drv.oe66 (.far:local:uninit)
                  008207b4    00000001                      : qmss_drv.oe66 (.far:local:init)
                  008207b5    00000003     --HOLE--
                  008207b8    00008000     (.common:ti_sysbios_heaps_HeapMem_Instance_State_0_buf__A)
                  008287b8    00000800     omp_config_pe66.oe66 (.far:taskStackSection)
                  00828fb8    00000020     (.common:ti_sdo_utils_NameServer_Module_State_0_nsRemoteHandle__A)
                  00828fd8    00000800     omp_config_pe66.oe66 (.fardata:ti_sdo_ipc_GateMP_Module_State_0_remoteCustom1Gates__A)
                  008297d8    00000320     omp_config_pe66.oe66 (.fardata)
                  00829af8    00000180     omp_config_pe66.oe66 (.fardata:ti_sysbios_timers_timer64_Timer_Module_State_0_device__A)
                  00829c78    000000e0     omp_config_pe66.oe66 (.fardata:ti_sdo_utils_NameServer_Object__table__V)
                  00829d58    000000a0     omp_config_pe66.oe66 (.fardata:ti_sdo_ipc_Ipc_Module_State_0_procEntry__A)
                  00829df8    00000090     omp_config_pe66.oe66 (.fardata:ti_sdo_ipc_SharedRegion_Module_State_0_regions__A)
                  00829e88    00000080     omp_config_pe66.oe66 (.fardata:ti_sdo_ipc_GateMP_Module_State_0_remoteSystemGates__A)
                  00829f08    00000080     omp_config_pe66.oe66 (.fardata:ti_sysbios_knl_Swi_Module_State_0_readyQ__A)
                  00829f88    00000080     omp_config_pe66.oe66 (.fardata:ti_sysbios_knl_Task_Module_State_0_readyQ__A)
                  0082a008    00000080     omp_config_pe66.oe66 (.fardata:ti_sysbios_timers_timer64_Timer_Module_State_0_gctrl__A)
                  0082a088    00000080     omp_config_pe66.oe66 (.fardata:ti_sysbios_timers_timer64_Timer_Module_State_0_handles__A)
                  0082a108    00000080     omp_config_pe66.oe66 (.fardata:ti_sysbios_timers_timer64_Timer_Module_State_0_intFreqs__A)
                  0082a188    0000004c     omp_config_pe66.oe66 (.fardata:ti_sysbios_timers_timer64_Timer_Object__table__V)
                  0082a1d4    00000004     --HOLE--
                  0082a1d8    00000044     omp_config_pe66.oe66 (.fardata:ti_sysbios_knl_Task_Object__table__V)
                  0082a21c    00000004     --HOLE--
                  0082a220    00000040     omp_config_pe66.oe66 (.fardata:ti_sdo_ipc_MessageQ_Module_State_0_transports__A)
                  0082a260    00000040     omp_config_pe66.oe66 (.fardata:ti_sdo_ipc_family_c647x_Interrupt_Module_State_0_fxnTable__A)
                  0082a2a0    00000040     omp_config_pe66.oe66 (.fardata:ti_sysbios_gates_GateMutex_Object__table__V)
                  0082a2e0    00000030     omp_config_pe66.oe66 (.fardata:ti_sysbios_knl_Swi_Object__table__V)
                  0082a310    00000020     omp_config_pe66.oe66 (.fardata:ti_sdo_ipc_MessageQ_Module_State_0_heaps__A)
                  0082a330    00000020     omp_config_pe66.oe66 (.fardata:ti_sdo_ipc_Notify_Module_State_0_notifyHandles__A)
                  0082a350    00000020     omp_config_pe66.oe66 (.fardata:ti_sdo_ipc_transports_TransportShmSetup_Module_State_0_handles__A)
                  0082a370    00000020     omp_config_pe66.oe66 (.fardata:xdc_runtime_System_Module_State_0_atexitHandlers__A)
                  0082a390    00000018     omp_config_pe66.oe66 (.fardata:ti_sysbios_family_c64p_Hwi_Object__table__V)
                  0082a3a8    00000018     omp_config_pe66.oe66 (.fardata:ti_sysbios_gates_GateMutexPri_Object__table__V)
                  0082a3c0    00000014     omp_config_pe66.oe66 (.fardata:ti_sysbios_heaps_HeapMem_Object__table__V)
                  0082a3d4    00000004     --HOLE--
                  0082a3d8    00000010     omp_config_pe66.oe66 (.fardata:ti_sysbios_gates_GateAll_Object__table__V)
                  0082a3e8    0000000c     omp_config_pe66.oe66 (.fardata:ti_runtime_ompbios_HeapOMP_Object__table__V)
                  0082a3f4    00000004     --HOLE--
                  0082a3f8    0000000c     omp_config_pe66.oe66 (.fardata:ti_sysbios_gates_GateSwi_Object__table__V)
                  0082a404    00000004     --HOLE--
                  0082a408    00000008     omp_config_pe66.oe66 (.fardata:ti_sysbios_hal_Hwi_Object__table__V)
                  0082a410    00000008     omp_config_pe66.oe66 (.fardata:ti_sysbios_hal_Timer_Object__table__V)
                  0082a418    00000004     omp_config_pe66.oe66 (.fardata:ti_sdo_ipc_GateMP_Module_State_0_remoteCustom2Gates__A)
                  0082a41c    00000004     --HOLE--
                  0082a420    00000004     omp_config_pe66.oe66 (.fardata:ti_sdo_ipc_Notify_Module_State_0_notifyHandles_0__A)
                  0082a424    00000004     --HOLE--
                  0082a428    00000004     omp_config_pe66.oe66 (.fardata:ti_sdo_ipc_Notify_Module_State_0_notifyHandles_1__A)
                  0082a42c    00000004     --HOLE--
                  0082a430    00000004     omp_config_pe66.oe66 (.fardata:ti_sdo_ipc_Notify_Module_State_0_notifyHandles_2__A)
                  0082a434    00000004     --HOLE--
                  0082a438    00000004     omp_config_pe66.oe66 (.fardata:ti_sdo_ipc_Notify_Module_State_0_notifyHandles_3__A)
                  0082a43c    00000004     --HOLE--
                  0082a440    00000004     omp_config_pe66.oe66 (.fardata:ti_sdo_ipc_Notify_Module_State_0_notifyHandles_4__A)
                  0082a444    00000004     --HOLE--
                  0082a448    00000004     omp_config_pe66.oe66 (.fardata:ti_sdo_ipc_Notify_Module_State_0_notifyHandles_5__A)
                  0082a44c    00000004     --HOLE--
                  0082a450    00000004     omp_config_pe66.oe66 (.fardata:ti_sdo_ipc_Notify_Module_State_0_notifyHandles_6__A)
                  0082a454    00000004     --HOLE--
                  0082a458    00000004     omp_config_pe66.oe66 (.fardata:ti_sdo_ipc_Notify_Module_State_0_notifyHandles_7__A)
                  0082a45c    00000004     --HOLE--
                  0082a460    00000004     omp_config_pe66.oe66 (.fardata:ti_sysbios_gates_GateHwi_Object__table__V)
                  0082a464    00000004     --HOLE--
                  0082a468    00000004     omp_config_pe66.oe66 (.fardata:xdc_runtime_GateNull_Object__table__V)

.cio       0    0082a470    00000120     UNINITIALIZED
                  0082a470    00000120     rts6600_elf_mt.lib : trgmsg.obj (.cio)

.tomp_gvMem 
*          0    0082a590    00000071     UNINITIALIZED
                  0082a590    00000054     ti_runtime_openmp_c6678_release_e66.ae66 : tomp_parallel.oe66 (.tomp_gvMem)
                  0082a5e4    0000001c                                              : omp_init.oe66 (.tomp_gvMem)
                  0082a600    00000001                                              : tomp_util.oe66 (.tomp_gvMem)

.tomp_svNcMem 
*          0    0c000000    0000a0a4     RUN ADDR = a0000000
                  0c000000    0000a080     ti_runtime_openmp_c6678_release_e66.ae66 : tomp_qmss.oe66 (.tomp_svNcMem) [fill = 00000000]
                  0c00a080    00000014                                              : gomp_env.oe66 (.tomp_svNcMem)
                  0c00a094    00000010                                              : tomp_util.oe66 (.tomp_svNcMem) [fill = 00000000]

.qmss      0    0c00a100    00002400     RUN ADDR = a000a100
                  0c00a100    00002400     ti.drv.qmss.ae66 : qmss_drv.oe66 (.qmss) [fill = 00000000]

.text      0    0c020000    0002e080     
                  0c020000    000011c0     ipc.lib : Ipc.obj (.text:ti_sdo_ipc_GateMP_Instance_init__F)
                  0c0211c0    00000a60             : Ipc.obj (.text:ti_sdo_ipc_heaps_HeapMemMP_alloc__E)
                  0c021c20    000009e0             : Ipc.obj (.text:ti_sdo_ipc_heaps_HeapMemMP_free__E)
                  0c022600    000009a0             : Ipc.obj (.text:Ipc_attach)
                  0c022fa0    000009a0     ti.targets.rts6000.ae66 : System.oe66 (.text:xdc_runtime_System_doPrint__I)
                  0c023940    00000940     ti.drv.qmss.ae66 : qmss_drv.oe66 (.text:Qmss_insertMemoryRegion)
                  0c024280    00000920     ipc.lib : Ipc.obj (.text:ti_sdo_ipc_transports_TransportShm_Instance_init__F)
                  0c024ba0    000008a0             : Ipc.obj (.text:ti_sdo_ipc_ListMP_Instance_init__F)
                  0c025440    00000880     rts6600_elf_mt.lib : _printfi.obj (.text:_pproc_diouxp)
                  0c025cc0    00000860     ipc.lib : Ipc.obj (.text:ti_sdo_ipc_GateMP_Instance_finalize__F)
                  0c026520    00000840             : Ipc.obj (.text:MessageQ_put)
                  0c026d60    00000780     rts6600_elf_mt.lib : _printfi.obj (.text:__TI_printfi)
                  0c0274e0    00000780     ipc.lib : Ipc.obj (.text:ti_sdo_ipc_heaps_HeapMemMP_Instance_init__F)
                  0c027c60    00000780     sysbios.lib : BIOS.obj (.text:ti_sysbios_family_c64p_Exception_handler__I)
                  0c0283e0    000006c0     ipc.lib : Ipc.obj (.text:ti_sdo_ipc_nsremote_NameServerRemoteNotify_Instance_init__F)
                  0c028aa0    000006a0             : Ipc.obj (.text:NameServer_add)
                  0c029140    00000660     sysbios.lib : BIOS.obj (.text:ti_sysbios_heaps_HeapMem_free__E)
                  0c0297a0    00000620     ipc.lib : Ipc.obj (.text:Notify_sendEvent)
                  0c029dc0    00000620     sysbios.lib : BIOS.obj (.text:ti_sysbios_heaps_HeapMem_alloc__E)
                  0c02a3e0    00000600     rts6600_elf_mt.lib : divd.obj (.text:__c6xabi_divd)
                  0c02a9e0    000005e0     ipc.lib : Ipc.obj (.text:Notify_registerEventSingle)
                  0c02afc0    000005c0             : Ipc.obj (.text:ListMP_getHead)
                  0c02b580    000005c0             : Ipc.obj (.text:Notify_unregisterEventSingle)
                  0c02bb40    000005c0     computeWeights.obj (.text)
                  0c02c100    000005c0     ipc.lib : Ipc.obj (.text:ti_sdo_ipc_SharedRegion_start__F)
                  0c02c6c0    000005c0     sysbios.lib : BIOS.obj (.text:ti_sysbios_timers_timer64_Timer_Module_startup__F)
                  0c02cc80    000005a0     rts6600_elf_mt.lib : _printfi.obj (.text:_setfield)
                  0c02d220    00000580     ipc.lib : Ipc.obj (.text:ti_sdo_ipc_nsremote_NameServerRemoteNotify_get__F)
                  0c02d7a0    00000580             : Ipc.obj (.text:ti_sdo_ipc_transports_TransportShm_put__E)
                  0c02dd20    00000560     rts6600_elf_mt.lib : _printfi.obj (.text:_pconv_g)
                  0c02e280    00000540     ipc.lib : Ipc.obj (.text:ti_sdo_ipc_Ipc_procSyncStart__I)
                  0c02e7c0    000004e0             : Ipc.obj (.text:ti_sdo_ipc_notifyDrivers_NotifyDriverShm_Instance_init__F)
                  0c02eca0    000004a0     rts6600_elf_mt.lib : _printfi.obj (.text:_pconv_e)
                  0c02f140    000004a0     ipc.lib : Ipc.obj (.text:ti_sdo_ipc_gates_GatePeterson_Instance_init__F)
                  0c02f5e0    00000460             : Ipc.obj (.text:ti_sdo_ipc_GateMP_setRegion0Reserved__F)
                  0c02fa40    00000460             : Ipc.obj (.text:ti_sdo_ipc_Ipc_procSyncFinish__I)
                  0c02fea0    00000440             : Ipc.obj (.text:ListMP_putTail)
                  0c0302e0    00000440     rts6600_elf_mt.lib : _printfi.obj (.text:_pconv_a)
                  0c030720    00000440     ipc.lib : Ipc.obj (.text:ti_sdo_ipc_heaps_HeapMemMP_getStats__E)
                  0c030b60    00000440             : Ipc.obj (.text:ti_sdo_ipc_heaps_HeapMemMP_postInit__I)
                  0c030fa0    00000400             : Ipc.obj (.text:ti_sdo_ipc_Notify_Instance_init__F)
                  0c0313a0    00000400     sysbios.lib : BIOS.obj (.text:ti_sysbios_knl_Semaphore_pend__E)
                  0c0317a0    000003c0     ipc.lib : Ipc.obj (.text:ti_sdo_ipc_SharedRegion_reserveMemory__F)
                  0c031b60    000003c0     sysbios.lib : BIOS.obj (.text:ti_sysbios_knl_Task_setPri__E)
                  0c031f20    000003a0     main.obj (.text)
                  0c0322c0    00000380     ipc.lib : Ipc.obj (.text:HeapMemMP_sharedMemReq)
                  0c032640    00000380     ti.drv.qmss.ae66 : qmss_drv.oe66 (.text:Qmss_init)
                  0c0329c0    00000380     aggregateCost.obj (.text)
                  0c032d40    00000380     ti_runtime_openmp_c6678_release_e66.ae66 : gomp_env.oe66 (.text:parse_schedule)
                  0c0330c0    00000360     rts6600_elf_mt.lib : _printfi.obj (.text:acvt)
                  0c033420    00000360     ti_runtime_openmp_c6678_release_e66.ae66 : tomp_parallel.oe66 (.text:tomp_eoStartLoopX)
                  0c033780    00000340     ipc.lib : Ipc.obj (.text:GateMP_sharedMemReq)
                  0c033ac0    00000340     rts6600_elf_mt.lib : fputs.obj (.text:fputs)
                  0c033e00    00000340     ipc.lib : Ipc.obj (.text:ti_sdo_ipc_nsremote_NameServerRemoteNotify_swiFxn__I)
                  0c034140    00000340     ti_runtime_openmp_c6678_release_e66.ae66 : tomp_task.oe66 (.text:tomp_taskCleanup)
                  0c034480    00000320     rts6600_elf_mt.lib : _printfi.obj (.text:_pproc_fgea)
                  0c0347a0    00000320     yuv2RGB.obj (.text)
                  0c034ac0    00000300     ipc.lib : Ipc.obj (.text:GateMP_openByAddr)
                  0c034dc0    00000300     medianFilter.obj (.text)
                  0c0350c0    00000300     rts6600_elf_mt.lib : strtoul.obj (.text:strtoul)
                  0c0353c0    00000300     ipc.lib : Ipc.obj (.text:ti_sdo_ipc_transports_TransportShm_openByAddr__F)
                  0c0356c0    00000300     sysbios.lib : BIOS.obj (.text:ti_sysbios_family_c64p_Hwi_dispatchC__I)
                  0c0359c0    000002e0     ipc.lib : Ipc.obj (.text:SharedRegion_getEntry)
                  0c035ca0    000002e0             : Ipc.obj (.text:SharedRegion_getPtr)
                  0c035f80    000002e0     sysbios.lib : BIOS.obj (.text:ti_sysbios_gates_GateMutexPri_enter__E)
                  0c036260    000002e0                 : BIOS.obj (.text:ti_sysbios_knl_Task_Module_startup__F)
                  0c036540    000002c0     ipc.lib : Ipc.obj (.text:ti_sdo_ipc_notifyDrivers_NotifyDriverShm_isr__I)
                  0c036800    000002a0             : Ipc.obj (.text:Ipc_start)
                  0c036aa0    000002a0             : Ipc.obj (.text:NameServer_getLocal)
                  0c036d40    000002a0     rts6600_elf_mt.lib : _printfi.obj (.text:_pproc_fwp)
                  0c036fe0    000002a0     sysbios.lib : BIOS.obj (.text:ti_sysbios_knl_Clock_workFunc__E)
                  0c037280    00000280     ipc.lib : Ipc.obj (.text:SharedRegion_getSRPtr)
                  0c037500    00000280     rts6600_elf_mt.lib : divf.obj (.text:__c6xabi_divf)
                  0c037780    00000280                        : _printfi.obj (.text:_pconv_f)
                  0c037a00    00000280     sysbios.lib : BIOS.obj (.text:deviceConfig$44)
                  0c037c80    00000280     rts6600_elf_mt.lib : _printfi.obj (.text:fcvt)
                  0c037f00    00000280     ipc.lib : Ipc.obj (.text:ti_sdo_ipc_notifyDrivers_NotifyDriverShm_sharedMemReq__F)
                  0c038180    00000280     sysbios.lib : BIOS.obj (.text:ti_sysbios_knl_Clock_Instance_init__F)
                  0c038400    00000280                 : BIOS.obj (.text:ti_sysbios_knl_Task_exit__E)
                  0c038680    00000280     ti.targets.rts6000.ae66 : Core-mem.oe66 (.text:xdc_runtime_Core_createObject__I)
                  0c038900    00000280                             : Error.oe66 (.text:xdc_runtime_Error_raiseX__F)
                  0c038b80    00000260     ipc.lib : Ipc.obj (.text:ListMP_sharedMemReq)
                  0c038de0    00000260             : Ipc.obj (.text:ti_sdo_ipc_ListMP_Instance_finalize__F)
                  0c039040    00000260             : Ipc.obj (.text:ti_sdo_ipc_heaps_HeapMemMP_Instance_finalize__F)
                  0c0392a0    00000260             : Ipc.obj (.text:ti_sdo_ipc_notifyDrivers_NotifyDriverShm_disableEvent__E)
                  0c039500    00000260     ti.targets.rts6000.ae66 : Startup.oe66 (.text:xdc_runtime_Startup_startMods__I)
                  0c039760    00000260     omp_config_pe66.oe66 (.text:xdc_runtime_System_printfExtend__I)
                  0c0399c0    00000240     rts6600_elf_mt.lib : imath64.obj (.text:__c6xabi_divull)
                  0c039c00    00000240                        : _printfi.obj (.text:_ltostr)
                  0c039e40    00000240                        : exp.obj (.text:exp)
                  0c03a080    00000240                        : fputc.obj (.text:fputc)
                  0c03a2c0    00000240     sysbios.lib : BIOS.obj (.text:ti_sysbios_family_c64p_Exception_internalHandler__I)
                  0c03a500    00000240                 : BIOS.obj (.text:ti_sysbios_knl_Semaphore_post__E)
                  0c03a740    00000220     ti.drv.qmss.ae66 : qmss_drv.oe66 (.text:Qmss_queueOpen)
                  0c03a960    00000220     rts6600_elf_mt.lib : setvbuf.obj (.text:setvbuf)
                  0c03ab80    00000220     sysbios.lib : BIOS.obj (.text:ti_sysbios_family_c64p_Hwi_reconfig__E)
                  0c03ada0    00000220                 : BIOS.obj (.text:ti_sysbios_knl_Swi_run__I)
                  0c03afc0    00000220                 : BIOS.obj (.text:ti_sysbios_knl_Task_schedule__I)
                  0c03b1e0    00000220                 : BIOS.obj (.text:ti_sysbios_knl_Task_startup__E)
                  0c03b400    00000220     yuvRead.obj (.text)
                  0c03b620    00000200     ipc.lib : Ipc.obj (.text:GateMP_enter)
                  0c03b820    00000200             : Ipc.obj (.text:GateMP_leave)
                  0c03ba20    00000200             : Ipc.obj (.text:ListMP_openByAddr)
                  0c03bc20    00000200     sysbios.lib : c64p_Hwi_disp_always.obj (.text:_ti_sysbios_family_c64p_Hwi_dispatchAlways)
                  0c03be20    00000200                 : BIOS.obj (.text:block$56)
                  0c03c020    00000200     costConstruction.obj (.text)
                  0c03c220    00000200     ipc.lib : Ipc.obj (.text:ti_sdo_ipc_family_c647x_MultiProcSetup_init__I)
                  0c03c420    00000200             : Ipc.obj (.text:ti_sdo_ipc_notifyDrivers_NotifyDriverShm_sendEvent__E)
                  0c03c620    00000200             : Ipc.obj (.text:ti_sdo_ipc_transports_TransportShm_Instance_finalize__F)
                  0c03c820    000001e0     ti.drv.qmss.ae66 : qmss_drv.oe66 (.text:Qmss_internaldownloadFirmware)
                  0c03ca00    000001e0     census.obj (.text)
                  0c03cbe0    000001e0     ipc.lib : Ipc.obj (.text:ti_sdo_ipc_GateMP_attach__F)
                  0c03cdc0    000001e0             : Ipc.obj (.text:ti_sdo_ipc_GateMP_getFreeResource__I)
                  0c03cfa0    000001e0     sysbios.lib : BIOS.obj (.text:ti_sysbios_knl_Task_postInit__I)
                  0c03d180    000001e0                 : BIOS.obj (.text:ti_sysbios_timers_timer64_Timer_getFreq__E)
                  0c03d360    000001e0     ti_runtime_openmp_c6678_release_e66.ae66 : tomp_task.oe66 (.text:tomp_eoStartTaskX)
                  0c03d540    000001e0                                              : tomp_init.oe66 (.text:tomp_initParallel)
                  0c03d720    000001c0     ipc.lib : Ipc.obj (.text:HeapMemMP_openByAddr)
                  0c03d8e0    000001c0     rts6600_elf_mt.lib : imath40.obj (.text:__c6xabi_divul)
                  0c03daa0    000001c0     ti_runtime_openmp_c6678_release_e66.ae66 : gomp_env.oe66 (.text:parse_unsigned_long)
                  0c03dc60    000001c0     ipc.lib : Ipc.obj (.text:ti_sdo_ipc_notifyDrivers_NotifyDriverShm_registerEvent__E)
                  0c03de20    000001c0     sysbios.lib : BIOS.obj (.text:ti_sysbios_knl_Swi_Instance_init__F)
                  0c03dfe0    000001c0                 : BIOS.obj (.text:ti_sysbios_timers_timer64_Timer_setPeriodMicroSecs__E)
                  0c03e1a0    000001c0     ti_runtime_openmp_c6678_release_e66.ae66 : tomp_dispatch.oe66 (.text:tomp_dispatch_once)
                  0c03e360    000001a0     rts6600_elf_mt.lib : trgdrv.obj (.text:HOSTrename)
                  0c03e500    000001a0     ipc.lib : Ipc.obj (.text:SharedRegion_getCacheLineSize)
                  0c03e6a0    000001a0             : Ipc.obj (.text:SharedRegion_getHeap)
                  0c03e840    000001a0             : Ipc.obj (.text:SharedRegion_isCacheEnabled)
                  0c03e9e0    000001a0     disparitySelect.obj (.text)
                  0c03eb80    000001a0     rts6600_elf_mt.lib : frexp.obj (.text:frexp)
                  0c03ed20    000001a0                        : lowlev.obj (.text:getdevice)
                  0c03eec0    000001a0     ipc.lib : Ipc.obj (.text:ti_sdo_ipc_GateMP_openRegion0Reserved__F)
                  0c03f060    000001a0             : Ipc.obj (.text:ti_sdo_ipc_notifyDrivers_NotifyDriverShm_enableEvent__E)
                  0c03f200    000001a0             : Ipc.obj (.text:ti_sdo_ipc_notifyDrivers_NotifyDriverShm_unregisterEvent__E)
                  0c03f3a0    000001a0             : Ipc.obj (.text:ti_sdo_ipc_nsremote_NameServerRemoteNotify_attach__E)
                  0c03f540    000001a0     sysbios.lib : BIOS.obj (.text:ti_sysbios_gates_GateMutex_enter__E)
                  0c03f6e0    000001a0                 : BIOS.obj (.text:ti_sysbios_timers_timer64_Timer_start__E)
                  0c03f880    00000180     ipc.lib : Ipc.obj (.text:MultiProc_setLocalId)
                  0c03fa00    00000180             : Ipc.obj (.text:NameServer_getHandle)
                  0c03fb80    00000180             : Ipc.obj (.text:Notify_intLineRegistered)
                  0c03fd00    00000180     rts6600_elf_mt.lib : _pthread.obj (.text:pthread_once)
                  0c03fe80    00000180     sysbios.lib : c64p_Exception_asm.obj (.text)
                  0c040000    00000180     ipc.lib : Ipc.obj (.text:ti_sdo_ipc_MessageQ_registerTransport__F)
                  0c040180    00000180             : Ipc.obj (.text:ti_sdo_ipc_Notify_Module_startup__F)
                  0c040300    00000180             : Ipc.obj (.text:ti_sdo_ipc_gates_GatePeterson_enter__E)
                  0c040480    00000180             : Ipc.obj (.text:ti_sdo_utils_NameServer_Module_startup__F)
                  0c040600    00000180     sysbios.lib : BIOS.obj (.text:ti_sysbios_heaps_HeapMem_Instance_init__F)
                  0c040780    00000180                 : BIOS.obj (.text:ti_sysbios_knl_Swi_schedule__I)
                  0c040900    00000180                 : BIOS.obj (.text:ti_sysbios_knl_Task_unblockI__E)
                  0c040a80    00000180     ti.targets.rts6000.ae66 : Text.oe66 (.text:xdc_runtime_Text_putSite__F)
                  0c040c00    00000160     rts6600_elf_mt.lib : _mutex.obj (.text:init_mutexes)
                  0c040d60    00000160     ipc.lib : Ipc.obj (.text:ti_sdo_ipc_GateMP_createLocal__F)
                  0c040ec0    00000160             : Ipc.obj (.text:ti_sdo_ipc_MessageQ_unregisterTransport__F)
                  0c041020    00000160             : Ipc.obj (.text:ti_sdo_ipc_gates_GateHWSem_Instance_init__F)
                  0c041180    00000160             : Ipc.obj (.text:ti_sdo_ipc_transports_TransportShm_sharedMemReq__F)
                  0c0412e0    00000160             : Ipc.obj (.text:ti_sdo_utils_NameServer_isRegistered__E)
                  0c041440    00000160             : Ipc.obj (.text:ti_sdo_utils_NameServer_registerRemoteDriver__E)
                  0c0415a0    00000160             : Ipc.obj (.text:ti_sdo_utils_NameServer_unregisterRemoteDriver__E)
                  0c041700    00000160     ti_runtime_openmp_c6678_release_e66.ae66 : tomp_qmss.oe66 (.text:tomp_initGlobalNRT)
                  0c041860    00000140     ipc.lib : Ipc.obj (.text:GateMP_close)
                  0c0419a0    00000140             : Ipc.obj (.text:Notify_attach)
                  0c041ae0    00000140     rts6600_elf_mt.lib : fclose.obj (.text:__TI_closefile)
                  0c041c20    00000140     ti_runtime_ompbios_release_e66.ae66 : OpenMP.oe66 (.text:__TI_omp_initialize_rtsc_mode)
                  0c041d60    00000140     boot.ae66 : autoinit.oe66 (.text:_auto_init_elf)
                  0c041ea0    00000140     rts6600_elf_mt.lib : fflush.obj (.text:fflush)
                  0c041fe0    00000140                        : fseek.obj (.text:fseek)
                  0c042120    00000140                        : ldexp.obj (.text:ldexp)
                  0c042260    00000140     ipc.lib : Ipc.obj (.text:ti_sdo_ipc_Notify_exec__F)
                  0c0423a0    00000140     sysbios.lib : BIOS.obj (.text:ti_sysbios_family_c64p_Hwi_Module_startup__F)
                  0c0424e0    00000140                 : BIOS.obj (.text:ti_sysbios_family_c66_Cache_Module_startup__F)
                  0c042620    00000140                 : BIOS.obj (.text:ti_sysbios_gates_GateSwi_enter__E)
                  0c042760    00000140                 : BIOS.obj (.text:ti_sysbios_knl_Clock_Instance_finalize__F)
                  0c0428a0    00000140                 : BIOS.obj (.text:ti_sysbios_knl_Semaphore_Instance_init__F)
                  0c0429e0    00000140                 : BIOS.obj (.text:ti_sysbios_knl_Swi_post__E)
                  0c042b20    00000140                 : BIOS.obj (.text:ti_sysbios_knl_Task_blockI__E)
                  0c042c60    00000140                 : BIOS.obj (.text:ti_sysbios_knl_Task_yield__E)
                  0c042da0    00000140     ti_runtime_openmp_c6678_release_e66.ae66 : tomp_qmss.oe66 (.text:tomp_closeQueues)
                  0c042ee0    00000140                                              : omp_init.oe66 (.text:tomp_ompInitCommon)
                  0c043020    00000140                                              : tomp_qmss.oe66 (.text:tomp_openQueues)
                  0c043160    00000120     rts6600_elf_mt.lib : _mutex.obj (.text:__TI_file_lock)
                  0c043280    00000120     ti_runtime_openmp_c6678_release_e66.ae66 : tomp_init.oe66 (.text:__TI_omp_terminate)
                  0c0433a0    00000120     sysbios.lib : BIOS.obj (.text:rtsUnlock$0)
                  0c0434c0    00000120     rts6600_elf_mt.lib : sqrtf.obj (.text:sqrtf)
                  0c0435e0    00000120     ipc.lib : Ipc.obj (.text:ti_sdo_ipc_MessageQ_Module_startup__F)
                  0c043700    00000120             : Ipc.obj (.text:ti_sdo_ipc_family_c647x_Interrupt_intRegister__E)
                  0c043820    00000120             : Ipc.obj (.text:ti_sdo_ipc_nsremote_NameServerRemoteNotify_Instance_finalize__F)
                  0c043940    00000100     rts6600_elf_mt.lib : trgdrv.obj (.text:HOSTlseek)
                  0c043a40    00000100                        : copy_decompress_rle.obj (.text:__TI_decompress_rle_core)
                  0c043b40    00000100                        : _io_perm.obj (.text:__TI_wrt_ok)
                  0c043c40    00000100                        : atoi.obj (.text:atoi)
                  0c043d40    00000100                        : lowlev.obj (.text:close)
                  0c043e40    00000100                        : exit.obj (.text:exit)
                  0c043f40    00000100     sysbios.lib : BIOS.obj (.text:initDevice$44)
                  0c044040    00000100     ipc.lib : Ipc.obj (.text:ti_sdo_ipc_GateMP_start__F)
                  0c044140    00000100             : Ipc.obj (.text:ti_sdo_ipc_Notify_Instance_finalize__F)
                  0c044240    00000100             : Ipc.obj (.text:ti_sdo_ipc_SharedRegion_attach__F)
                  0c044340    00000100             : Ipc.obj (.text:ti_sdo_ipc_SharedRegion_clearReservedMemory__F)
                  0c044440    00000100             : Ipc.obj (.text:ti_sdo_ipc_family_c647x_Interrupt_Module_startup__F)
                  0c044540    00000100             : Ipc.obj (.text:ti_sdo_ipc_gates_GateHWSem_Module_startup__F)
                  0c044640    00000100             : Ipc.obj (.text:ti_sdo_ipc_gates_GateMPSupportNull_enter__E)
                  0c044740    00000100             : Ipc.obj (.text:ti_sdo_ipc_gates_GateMPSupportNull_leave__E)
                  0c044840    00000100             : Ipc.obj (.text:ti_sdo_ipc_transports_TransportShmSetup_attach__E)
                  0c044940    00000100     sysbios.lib : BIOS.obj (.text:ti_sysbios_gates_GateMutexPri_leave__E)
                  0c044a40    00000100                 : BIOS.obj (.text:ti_sysbios_knl_Clock_startI__E)
                  0c044b40    00000100                 : BIOS.obj (.text:ti_sysbios_knl_Swi_restoreHwi__E)
                  0c044c40    00000100     ti_runtime_openmp_c6678_release_e66.ae66 : omp_init.oe66 (.text:tomp_OmpStartCommon)
                  0c044d40    00000100                                              : omp_init.oe66 (.text:tomp_switchL2SpToGlobal)
                  0c044e40    00000100     ti.targets.rts6000.ae66 : Core-mem.oe66 (.text:xdc_runtime_Core_deleteObject__I)
                  0c044f40    00000100                             : Startup.oe66 (.text:xdc_runtime_Startup_exec__F)
                  0c045040    00000100                             : Text.oe66 (.text:xdc_runtime_Text_putMod__F)
                  0c045140    00000100                             : Text.oe66 (.text:xdc_runtime_Text_visitRope2__I)
                  0c045240    000000e0     rts6600_elf_mt.lib : trgdrv.obj (.text:HOSTopen)
                  0c045320    000000e0                        : _mutex.obj (.text:__TI_resource_lock)
                  0c045400    000000e0                        : _mutex.obj (.text:destroy_resource_mutexes)
                  0c0454e0    000000e0                        : ltoa.obj (.text:ltoa)
                  0c0455c0    000000e0                        : memset.obj (.text:memset)
                  0c0456a0    000000e0                        : printf.obj (.text:printf)
                  0c045780    000000e0     omp_config_pe66.oe66 (.text:ti_sdo_ipc_Notify_Object__create__S)
                  0c045860    000000e0     ipc.lib : Ipc.obj (.text:ti_sdo_ipc_family_c647x_NotifySetup_attach__E)
                  0c045940    000000e0             : Ipc.obj (.text:ti_sdo_ipc_gates_GateHWSem_enter__E)
                  0c045a20    000000e0     sysbios.lib : BIOS.obj (.text:ti_sysbios_family_c64p_Hwi_Instance_finalize__F)
                  0c045b00    000000e0                 : BIOS.obj (.text:ti_sysbios_family_c64p_Hwi_Instance_init__F)
                  0c045be0    000000e0                 : BIOS.obj (.text:ti_sysbios_knl_Clock_start__E)
                  0c045cc0    000000e0                 : BIOS.obj (.text:ti_sysbios_timers_timer64_Timer_startup__E)
                  0c045da0    000000e0     ti_runtime_openmp_c6678_release_e66.ae66 : tomp_qmss.oe66 (.text:tomp_initFreeDesc)
                  0c045e80    000000e0                                              : tomp_util.oe66 (.text:tomp_waitAtCoreBarrier)
                  0c045f60    000000e0     ti.targets.rts6000.ae66 : Error.oe66 (.text:xdc_runtime_Error_print__F)
                  0c046040    000000e0                             : Memory.oe66 (.text:xdc_runtime_Memory_alloc__F)
                  0c046120    000000c0     rts6600_elf_mt.lib : trgdrv.obj (.text:HOSTgetenv)
                  0c0461e0    000000c0                        : trgdrv.obj (.text:HOSTread)
                  0c0462a0    000000c0                        : trgdrv.obj (.text:HOSTunlink)
                  0c046360    000000c0                        : trgdrv.obj (.text:HOSTwrite)
                  0c046420    000000c0     ipc.lib : Ipc.obj (.text:HeapMemMP_create)
                  0c0464e0    000000c0             : Ipc.obj (.text:ListMP_create)
                  0c0465a0    000000c0             : Ipc.obj (.text:SharedRegion_getId)
                  0c046660    000000c0     rts6600_elf_mt.lib : fflush.obj (.text:__TI_doflush)
                  0c046720    000000c0                        : _mutex.obj (.text:__TI_resource_unlock)
                  0c0467e0    000000c0                        : dtor_list.obj (.text:__cxa_finalize)
                  0c0468a0    000000c0                        : divu.obj (.text:__divu)
                  0c046960    000000c0                        : remi.obj (.text:__remi)
                  0c046a20    000000c0                        : dtor_list.obj (.text:atexit)
                  0c046ae0    000000c0                        : lowlev.obj (.text:lseek)
                  0c046ba0    000000c0                        : _pthread.obj (.text:pthread_mutex_lock)
                  0c046c60    000000c0                        : _pthread.obj (.text:pthread_mutex_unlock)
                  0c046d20    000000c0     rgb2Gray.obj (.text)
                  0c046de0    000000c0     omp_config_pe66.oe66 (.text:ti_sdo_ipc_GateMP_Object__create__S)
                  0c046ea0    000000c0     ipc.lib : Ipc.obj (.text:ti_sdo_ipc_GateMP_getRegion0ReservedSize__F)
                  0c046f60    000000c0     omp_config_pe66.oe66 (.text:ti_sdo_ipc_ListMP_Object__create__S)
                  0c047020    000000c0     ipc.lib : Ipc.obj (.text:ti_sdo_ipc_family_c647x_Interrupt_intShmStub__I)
                  0c0470e0    000000c0     omp_config_pe66.oe66 (.text:ti_sdo_ipc_gates_GatePeterson_Object__create__S)
                  0c0471a0    000000c0     omp_config_pe66.oe66 (.text:ti_sdo_ipc_heaps_HeapMemMP_Object__create__S)
                  0c047260    000000c0     omp_config_pe66.oe66 (.text:ti_sdo_ipc_notifyDrivers_NotifyDriverShm_Object__create__S)
                  0c047320    000000c0     omp_config_pe66.oe66 (.text:ti_sdo_ipc_nsremote_NameServerRemoteNotify_Object__create__S)
                  0c0473e0    000000c0     omp_config_pe66.oe66 (.text:ti_sdo_ipc_transports_TransportShm_Object__create__S)
                  0c0474a0    000000c0     sysbios.lib : BIOS.obj (.text:ti_sysbios_BIOS_errorRaiseHook__I)
                  0c047560    000000c0     omp_config_pe66.oe66 (.text:ti_sysbios_family_c64p_Hwi_Object__create__S)
                  0c047620    000000c0     sysbios.lib : BIOS.obj (.text:ti_sysbios_gates_GateAll_leave__E)
                  0c0476e0    000000c0                 : BIOS.obj (.text:ti_sysbios_heaps_HeapMem_getStats__E)
                  0c0477a0    000000c0                 : BIOS.obj (.text:ti_sysbios_knl_Clock_logTick__E)
                  0c047860    000000c0                 : BIOS.obj (.text:ti_sysbios_knl_Swi_Instance_finalize__F)
                  0c047920    000000c0     omp_config_pe66.oe66 (.text:ti_sysbios_knl_Swi_Object__create__S)
                  0c0479e0    000000c0     sysbios.lib : BIOS.obj (.text:ti_sysbios_timers_timer64_Timer_stop__E)
                  0c047aa0    000000c0     rts6600_elf_mt.lib : tls.obj (.text:tls:init:__TI_tls_init)
                  0c047b60    000000c0                        : lowlev.obj (.text:write)
                  0c047c20    000000c0     ti.targets.rts6000.ae66 : System.oe66 (.text:xdc_runtime_System_formatNum__I)
                  0c047ce0    000000c0     omp_config_pe66.oe66 (.text:xdc_runtime_knl_GateThread_Object__create__S)
                  0c047da0    000000a0     ti.drv.qmss.ae66 : qmss_drv.oe66 (.text:Qmss_queueClose)
                  0c047e40    000000a0                      : qmss_drv.oe66 (.text:Qmss_start)
                  0c047ee0    000000a0     rts6600_elf_mt.lib : fopen.obj (.text:__TI_cleanup)
                  0c047f80    000000a0     ti_runtime_ompbios_release_e66.ae66 : OpenMP.oe66 (.text:__TI_omp_reset_rtsc_mode)
                  0c048020    000000a0     rts6600_elf_mt.lib : remu.obj (.text:__remu)
                  0c0480c0    000000a0     boot.ae66 : boot.oe66 (.text:_c_int00)
                  0c048160    000000a0     sysbios.lib : c64p_Hwi_asm.obj (.text:_ti_sysbios_family_c64p_Hwi_plug__E)
                  0c048200    000000a0     ti_runtime_ompbios_release_e66.ae66 : OpenMP.oe66 (.text:initRuntimeConfigFromModule)
                  0c0482a0    000000a0     rts6600_elf_mt.lib : memcpy64.obj (.text:memcpy)
                  0c048340    000000a0                        : modf.obj (.text:modf)
                  0c0483e0    000000a0                        : _mutex.obj (.text:mutex_unlock)
                  0c048480    000000a0     offsetGen.obj (.text)
                  0c048520    000000a0     rts6600_elf_mt.lib : _pthread.obj (.text:pthread_mutex_init)
                  0c0485c0    000000a0     ipc.lib : Ipc.obj (.text:ti_sdo_ipc_family_c647x_Interrupt_intUnregister__E)
                  0c048660    000000a0             : Ipc.obj (.text:ti_sdo_ipc_gates_GatePeterson_leave__E)
                  0c048700    000000a0             : Ipc.obj (.text:ti_sdo_ipc_notifyDrivers_NotifyDriverShm_Instance_finalize__F)
                  0c0487a0    000000a0     sysbios.lib : BIOS.obj (.text:ti_sysbios_heaps_HeapMem_init__I)
                  0c048840    000000a0     ti_runtime_openmp_c6678_release_e66.ae66 : tomp_qmss.oe66 (.text:tomp_initQmss)
                  0c0488e0    000000a0                                              : tomp_init.oe66 (.text:tomp_sendExitEvents)
                  0c048980    000000a0     ti.targets.rts6000.ae66 : Assert.oe66 (.text:xdc_runtime_Assert_raise__I)
                  0c048a20    00000080     rts6600_elf_mt.lib : trgdrv.obj (.text:HOSTclose)
                  0c048aa0    00000080                        : _mutex.obj (.text:__TI_file_unlock)
                  0c048b20    00000080                        : trgmsg.obj (.text:__TI_readmsg)
                  0c048ba0    00000080                        : trgmsg.obj (.text:__TI_writemsg)
                  0c048c20    00000080                        : fixdu.obj (.text:__c6xabi_fixdu)
                  0c048ca0    00000080                        : llshift.obj (.text:__c6xabi_llshl)
                  0c048d20    00000080     sysbios.lib : c62_TaskSupport_asm.obj (.text:_ti_sysbios_family_c62_TaskSupport_swap__E)
                  0c048da0    00000080     ti_runtime_argsmain_release_e66.ae66 : args_main_rtsc.oe66 (.text:entryFuncBios)
                  0c048e20    00000080     ti_runtime_openmp_c6678_release_e66.ae66 : gomp_env.oe66 (.text:initialize_env)
                  0c048ea0    00000080                                              : strncasecmp.oe66 (.text:strncasecmp)
                  0c048f20    00000080     omp_config_pe66.oe66 (.text:ti_runtime_ompbios_HeapOMP_Object__create__S)
                  0c048fa0    00000080     ti_runtime_ompbios_release_e66.ae66 : HeapOMP.oe66 (.text:ti_runtime_ompbios_HeapOMP_alloc__E)
                  0c049020    00000080     omp_config_pe66.oe66 (.text:ti_sdo_ipc_gates_GateHWSem_Object__create__S)
                  0c0490a0    00000080     omp_config_pe66.oe66 (.text:ti_sdo_ipc_gates_GateMPSupportNull_Object__create__S)
                  0c049120    00000080     ipc.lib : Ipc.obj (.text:ti_sdo_ipc_nsremote_NameServerRemoteNotify_detach__E)
                  0c0491a0    00000080             : Ipc.obj (.text:ti_sdo_ipc_transports_TransportShm_swiFxn__I)
                  0c049220    00000080     omp_config_pe66.oe66 (.text:ti_sdo_utils_List_Object__create__S)
                  0c0492a0    00000080     omp_config_pe66.oe66 (.text:ti_sysbios_BIOS_exitFunc__I)
                  0c049320    00000080     sysbios.lib : BIOS.obj (.text:ti_sysbios_family_c62_TaskSupport_start__E)
                  0c0493a0    00000080                 : BIOS.obj (.text:ti_sysbios_family_c64p_Exception_Module_startup__F)
                  0c049420    00000080                 : BIOS.obj (.text:ti_sysbios_family_c64p_Hwi_eventMap__E)
                  0c0494a0    00000080                 : BIOS.obj (.text:ti_sysbios_family_c66_Cache_invL1pAll__E)
                  0c049520    00000080     omp_config_pe66.oe66 (.text:ti_sysbios_gates_GateAll_Object__create__S)
                  0c0495a0    00000080     omp_config_pe66.oe66 (.text:ti_sysbios_gates_GateHwi_Object__create__S)
                  0c049620    00000080     omp_config_pe66.oe66 (.text:ti_sysbios_gates_GateMutexPri_Object__create__S)
                  0c0496a0    00000080     omp_config_pe66.oe66 (.text:ti_sysbios_gates_GateMutex_Object__create__S)
                  0c049720    00000080     omp_config_pe66.oe66 (.text:ti_sysbios_gates_GateSwi_Object__create__S)
                  0c0497a0    00000080     sysbios.lib : BIOS.obj (.text:ti_sysbios_gates_GateSwi_leave__E)
                  0c049820    00000080     omp_config_pe66.oe66 (.text:ti_sysbios_heaps_HeapMem_Object__create__S)
                  0c0498a0    00000080     sysbios.lib : BIOS.obj (.text:ti_sysbios_knl_Clock_Module_startup__F)
                  0c049920    00000080     omp_config_pe66.oe66 (.text:ti_sysbios_knl_Clock_Object__create__S)
                  0c0499a0    00000080     omp_config_pe66.oe66 (.text:ti_sysbios_knl_Clock_doTick__I)
                  0c049a20    00000080     sysbios.lib : BIOS.obj (.text:ti_sysbios_knl_Clock_getTicks__E)
                  0c049aa0    00000080                 : BIOS.obj (.text:ti_sysbios_knl_Idle_loop__E)
                  0c049b20    00000080     omp_config_pe66.oe66 (.text:ti_sysbios_knl_Queue_Object__create__S)
                  0c049ba0    00000080     omp_config_pe66.oe66 (.text:ti_sysbios_knl_Semaphore_Object__create__S)
                  0c049c20    00000080     sysbios.lib : BIOS.obj (.text:ti_sysbios_knl_Semaphore_pendTimeout__I)
                  0c049ca0    00000080                 : BIOS.obj (.text:ti_sysbios_knl_Swi_startup__E)
                  0c049d20    00000080                 : BIOS.obj (.text:ti_sysbios_knl_Task_restore__E)
                  0c049da0    00000080                 : BIOS.obj (.text:ti_sysbios_timers_timer64_Timer_getCount__E)
                  0c049e20    00000080                 : BIOS.obj (.text:ti_sysbios_timers_timer64_Timer_getPeriod__E)
                  0c049ea0    00000080     omp_config_pe66.oe66 (.text:ti_sysbios_xdcruntime_GateThreadSupport_Object__create__S)
                  0c049f20    00000080     ti_runtime_openmp_c6678_release_e66.ae66 : tomp_util.oe66 (.text:tomp_allocInitTLSBlock)
                  0c049fa0    00000080                                              : tomp_parallel.oe66 (.text:tomp_alloc_TeamState)
                  0c04a020    00000080                                              : tomp_parallel.oe66 (.text:tomp_completePendingTasks)
                  0c04a0a0    00000080                                              : tomp_qmss.oe66 (.text:tomp_queueOpen)
                  0c04a120    00000080     ti.targets.rts6000.ae66 : Core-label.oe66 (.text:xdc_runtime_Core_assignLabel__I)
                  0c04a1a0    00000080                             : Core-params.oe66 (.text:xdc_runtime_Core_assignParams__I)
                  0c04a220    00000080                             : System.oe66 (.text:xdc_runtime_System_atexit__F)
                  0c04a2a0    00000080                             : System.oe66 (.text:xdc_runtime_System_rtsExit__I)
                  0c04a320    00000080                             : Text.oe66 (.text:xdc_runtime_Text_printVisFxn__I)
                  0c04a3a0    00000080                             : Text.oe66 (.text:xdc_runtime_Text_xprintf__I)
                  0c04a420    00000060     ipc.lib : Ipc.obj (.text:GateMP_Params_init)
                  0c04a480    00000060             : Ipc.obj (.text:HeapMemMP_Params_init)
                  0c04a4e0    00000060     ti_runtime_device_c6678_release_e66.ae66 : osal.oe66 (.text:Osal_qmssCsEnter)
                  0c04a540    00000060     rts6600_elf_mt.lib : frcmpyd_div.obj (.text:__TI_frcmpyd_div)
                  0c04a5a0    00000060     ti_runtime_openmp_c6678_release_e66.ae66 : omp_init.oe66 (.text:__TI_omp_disable_caching)
                  0c04a600    00000060                                              : omp_init.oe66 (.text:__TI_omp_enable_caching)
                  0c04a660    00000060     rts6600_elf_mt.lib : llshift.obj (.text:__c6xabi_llshru)
                  0c04a6c0    00000060                        : setjmp.obj (.text:longjmp)
                  0c04a720    00000060     omp_config_pe66.oe66 (.text:malloc)
                  0c04a780    00000060     rts6600_elf_mt.lib : memccpy.obj (.text:memccpy)
                  0c04a7e0    00000060                        : _pthread.obj (.text:pthread_mutex_destroy)
                  0c04a840    00000060     ti_runtime_openmp_c6678_release_e66.ae66 : omp_init.oe66 (.text:switchL2SpToGlobal)
                  0c04a8a0    00000060     ti_runtime_ompbios_release_e66.ae66 : HeapOMP.oe66 (.text:ti_runtime_ompbios_HeapOMP_free__E)
                  0c04a900    00000060     omp_config_pe66.oe66 (.text:ti_sdo_ipc_GateMP_Object__delete__S)
                  0c04a960    00000060     omp_config_pe66.oe66 (.text:ti_sdo_ipc_ListMP_Object__delete__S)
                  0c04a9c0    00000060     ipc.lib : Ipc.obj (.text:ti_sdo_ipc_family_c647x_NotifySetup_sharedMemReq__E)
                  0c04aa20    00000060             : Ipc.obj (.text:ti_sdo_ipc_gates_GateHWSem_leave__E)
                  0c04aa80    00000060             : Ipc.obj (.text:ti_sdo_ipc_gates_GatePeterson_Instance_finalize__F)
                  0c04aae0    00000060     omp_config_pe66.oe66 (.text:ti_sdo_ipc_gates_GatePeterson_Object__delete__S)
                  0c04ab40    00000060     ipc.lib : Ipc.obj (.text:ti_sdo_ipc_gates_GatePeterson_sharedMemReq__E)
                  0c04aba0    00000060     omp_config_pe66.oe66 (.text:ti_sdo_ipc_heaps_HeapMemMP_Object__delete__S)
                  0c04ac00    00000060     omp_config_pe66.oe66 (.text:ti_sdo_ipc_notifyDrivers_NotifyDriverShm_Object__delete__S)
                  0c04ac60    00000060     ipc.lib : Ipc.obj (.text:ti_sdo_ipc_notifyDrivers_NotifyDriverShm_setNotifyHandle__E)
                  0c04acc0    00000060     omp_config_pe66.oe66 (.text:ti_sdo_ipc_nsremote_NameServerRemoteNotify_Object__delete__S)
                  0c04ad20    00000060     ipc.lib : Ipc.obj (.text:ti_sdo_ipc_transports_TransportShmSetup_sharedMemReq__E)
                  0c04ad80    00000060     omp_config_pe66.oe66 (.text:ti_sdo_ipc_transports_TransportShm_Object__delete__S)
                  0c04ade0    00000060     sysbios.lib : BIOS.obj (.text:ti_sysbios_BIOS_registerRTSLock__I)
                  0c04ae40    00000060     omp_config_pe66.oe66 (.text:ti_sysbios_family_c64p_Hwi_Object__delete__S)
                  0c04aea0    00000060     sysbios.lib : BIOS.obj (.text:ti_sysbios_gates_GateAll_enter__E)
                  0c04af00    00000060     omp_config_pe66.oe66 (.text:ti_sysbios_gates_GateMutexPri_Object__delete__S)
                  0c04af60    00000060     sysbios.lib : BIOS.obj (.text:ti_sysbios_gates_GateMutex_Instance_init__F)
                  0c04afc0    00000060     omp_config_pe66.oe66 (.text:ti_sysbios_gates_GateMutex_Object__delete__S)
                  0c04b020    00000060     sysbios.lib : BIOS.obj (.text:ti_sysbios_knl_Swi_Module_startup__F)
                  0c04b080    00000060                 : BIOS.obj (.text:ti_sysbios_knl_Task_allBlockedFunction__I)
                  0c04b0e0    00000060                 : BIOS.obj (.text:ti_sysbios_knl_Task_enter__I)
                  0c04b140    00000060     omp_config_pe66.oe66 (.text:ti_sysbios_xdcruntime_GateThreadSupport_Object__delete__S)
                  0c04b1a0    00000060     ti_runtime_openmp_c6678_release_e66.ae66 : tomp_init.oe66 (.text:tomp_exitLocalX)
                  0c04b200    00000060                                              : omp_init.oe66 (.text:tomp_logError)
                  0c04b260    00000060                                              : tomp_init.oe66 (.text:tomp_logError)
                  0c04b2c0    00000060                                              : tomp_parallel.oe66 (.text:tomp_logError)
                  0c04b320    00000060                                              : tomp_qmss.oe66 (.text:tomp_logError)
                  0c04b380    00000060                                              : tomp_task.oe66 (.text:tomp_logError)
                  0c04b3e0    00000060                                              : tomp_util.oe66 (.text:tomp_logError)
                  0c04b440    00000060                                              : gomp_env.oe66 (.text:tomp_logErrorStr)
                  0c04b4a0    00000060                                              : omp_init.oe66 (.text:tomp_logErrorStr)
                  0c04b500    00000060     rts6600_elf_mt.lib : lowlev.obj (.text:unlink)
                  0c04b560    00000060     omp_config_pe66.oe66 (.text:xdc_runtime_GateNull_Object__create__S)
                  0c04b5c0    00000060     ti.targets.rts6000.ae66 : Memory.oe66 (.text:xdc_runtime_Memory_calloc__F)
                  0c04b620    00000060                             : Memory.oe66 (.text:xdc_runtime_Memory_valloc__F)
                  0c04b680    00000060                             : SysStd.oe66 (.text:xdc_runtime_SysStd_abort__F)
                  0c04b6e0    00000060                             : System.oe66 (.text:xdc_runtime_System_avprintf__F)
                  0c04b740    00000060                             : System.oe66 (.text:xdc_runtime_System_vprintf__F)
                  0c04b7a0    00000060                             : Text.oe66 (.text:xdc_runtime_Text_cordText__F)
                  0c04b800    00000060     omp_config_pe66.oe66 (.text:xdc_runtime_knl_GateThread_Object__delete__S)
                  0c04b860    00000040     ti_runtime_device_c6678_release_e66.ae66 : osal.oe66 (.text:Osal_qmssCsExit)
                  0c04b8a0    00000040     rts6600_elf_mt.lib : _data_synch.obj (.text:__TI_data_synch_INV)
                  0c04b8e0    00000040                        : _data_synch.obj (.text:__TI_data_synch_WBINV)
                  0c04b920    00000040     ti_runtime_openmp_c6678_release_e66.ae66 : omp_init.oe66 (.text:__TI_omp_config_hw_queues)
                  0c04b960    00000040                                              : omp_init.oe66 (.text:__TI_setMPAX)
                  0c04b9a0    00000040                                              : tomp_switch_sp.oe66 (.text:__TI_switch_sp)
                  0c04b9e0    00000040     rts6600_elf_mt.lib : isinf.obj (.text:__c6xabi_isinf)
                  0c04ba20    00000040                        : _printfi.obj (.text:__c6xabi_isnan)
                  0c04ba60    00000040                        : imath64.obj (.text:_subcull)
                  0c04baa0    00000040     sysbios.lib : c62_TaskSupport_asm.obj (.text:_ti_sysbios_family_c62_TaskSupport_buildTaskStack)
                  0c04bae0    00000040                 : c64p_Hwi_asm_switch.obj (.text:_ti_sysbios_family_xxx_Hwi_switchToIsrStack)
                  0c04bb20    00000040     omp_config_pe66.oe66 (.text:free)
                  0c04bb60    00000040     rts6600_elf_mt.lib : _pthread.obj (.text:pthread_self)
                  0c04bba0    00000040     sysbios.lib : BIOS.obj (.text:rtsLock$0)
                  0c04bbe0    00000040     rts6600_elf_mt.lib : setjmp.obj (.text:setjmp)
                  0c04bc20    00000040     omp_config_pe66.oe66 (.text:ti_runtime_ompbios_HeapOMP_Handle__label__S)
                  0c04bc60    00000040     omp_config_pe66.oe66 (.text:ti_runtime_ompbios_HeapOMP_Object__delete__S)
                  0c04bca0    00000040     ipc.lib : Ipc.obj (.text:ti_sdo_ipc_family_c647x_Interrupt_intClear__E)
                  0c04bce0    00000040             : Ipc.obj (.text:ti_sdo_ipc_family_c647x_Interrupt_intSend__E)
                  0c04bd20    00000040     omp_config_pe66.oe66 (.text:ti_sdo_ipc_gates_GateHWSem_Handle__label__S)
                  0c04bd60    00000040     omp_config_pe66.oe66 (.text:ti_sdo_ipc_gates_GateHWSem_Object__delete__S)
                  0c04bda0    00000040     omp_config_pe66.oe66 (.text:ti_sdo_ipc_gates_GateMPSupportNull_Handle__label__S)
                  0c04bde0    00000040     omp_config_pe66.oe66 (.text:ti_sdo_ipc_gates_GateMPSupportNull_Object__delete__S)
                  0c04be20    00000040     omp_config_pe66.oe66 (.text:ti_sdo_ipc_gates_GatePeterson_Handle__label__S)
                  0c04be60    00000040     omp_config_pe66.oe66 (.text:ti_sdo_ipc_heaps_HeapMemMP_Handle__label__S)
                  0c04bea0    00000040     omp_config_pe66.oe66 (.text:ti_sdo_ipc_notifyDrivers_NotifyDriverShm_Handle__label__S)
                  0c04bee0    00000040     ipc.lib : Ipc.obj (.text:ti_sdo_ipc_notifyDrivers_NotifyDriverShm_disable__E)
                  0c04bf20    00000040             : Ipc.obj (.text:ti_sdo_ipc_notifyDrivers_NotifyDriverShm_enable__E)
                  0c04bf60    00000040     omp_config_pe66.oe66 (.text:ti_sdo_ipc_nsremote_NameServerRemoteNotify_Handle__label__S)
                  0c04bfa0    00000040     ipc.lib : Ipc.obj (.text:ti_sdo_ipc_nsremote_NameServerRemoteNotify_sharedMemReq__E)
                  0c04bfe0    00000040     omp_config_pe66.oe66 (.text:ti_sdo_ipc_transports_TransportShm_Handle__label__S)
                  0c04c020    00000040     omp_config_pe66.oe66 (.text:ti_sdo_utils_NameServer_Object__get__S)
                  0c04c060    00000040     omp_config_pe66.oe66 (.text:ti_sysbios_BIOS_startFunc__I)
                  0c04c0a0    00000040     sysbios.lib : BIOS.obj (.text:ti_sysbios_family_c64p_Hwi_disableInterrupt__E)
                  0c04c0e0    00000040                 : BIOS.obj (.text:ti_sysbios_family_c64p_Hwi_enableInterrupt__E)
                  0c04c120    00000040     omp_config_pe66.oe66 (.text:ti_sysbios_gates_GateAll_Handle__label__S)
                  0c04c160    00000040     omp_config_pe66.oe66 (.text:ti_sysbios_gates_GateAll_Object__delete__S)
                  0c04c1a0    00000040     omp_config_pe66.oe66 (.text:ti_sysbios_gates_GateHwi_Handle__label__S)
                  0c04c1e0    00000040     omp_config_pe66.oe66 (.text:ti_sysbios_gates_GateHwi_Object__delete__S)
                  0c04c220    00000040     omp_config_pe66.oe66 (.text:ti_sysbios_gates_GateMutexPri_Handle__label__S)
                  0c04c260    00000040     sysbios.lib : BIOS.obj (.text:ti_sysbios_gates_GateMutexPri_Instance_finalize__F)
                  0c04c2a0    00000040                 : BIOS.obj (.text:ti_sysbios_gates_GateMutexPri_Instance_init__F)
                  0c04c2e0    00000040     omp_config_pe66.oe66 (.text:ti_sysbios_gates_GateMutexPri_Object__destruct__S)
                  0c04c320    00000040     omp_config_pe66.oe66 (.text:ti_sysbios_gates_GateMutex_Handle__label__S)
                  0c04c360    00000040     sysbios.lib : BIOS.obj (.text:ti_sysbios_gates_GateMutex_Instance_finalize__F)
                  0c04c3a0    00000040                 : BIOS.obj (.text:ti_sysbios_gates_GateMutex_leave__E)
                  0c04c3e0    00000040     omp_config_pe66.oe66 (.text:ti_sysbios_gates_GateSwi_Handle__label__S)
                  0c04c420    00000040     omp_config_pe66.oe66 (.text:ti_sysbios_gates_GateSwi_Object__delete__S)
                  0c04c460    00000040     omp_config_pe66.oe66 (.text:ti_sysbios_heaps_HeapMem_Handle__label__S)
                  0c04c4a0    00000040     omp_config_pe66.oe66 (.text:ti_sysbios_heaps_HeapMem_Object__delete__S)
                  0c04c4e0    00000040     omp_config_pe66.oe66 (.text:ti_sysbios_heaps_HeapMem_Object__get__S)
                  0c04c520    00000040     omp_config_pe66.oe66 (.text:ti_sysbios_knl_Clock_Object__destruct__S)
                  0c04c560    00000040     sysbios.lib : BIOS.obj (.text:ti_sysbios_knl_Semaphore_Instance_finalize__F)
                  0c04c5a0    00000040     omp_config_pe66.oe66 (.text:ti_sysbios_knl_Semaphore_Object__destruct__S)
                  0c04c5e0    00000040     omp_config_pe66.oe66 (.text:ti_sysbios_knl_Swi_Object__destruct__S)
                  0c04c620    00000040     omp_config_pe66.oe66 (.text:ti_sysbios_knl_Swi_Object__get__S)
                  0c04c660    00000040     omp_config_pe66.oe66 (.text:ti_sysbios_knl_Task_Object__get__S)
                  0c04c6a0    00000040     sysbios.lib : BIOS.obj (.text:ti_sysbios_xdcruntime_GateThreadSupport_Instance_finalize__F)
                  0c04c6e0    00000040                 : BIOS.obj (.text:ti_sysbios_xdcruntime_GateThreadSupport_Instance_init__F)
                  0c04c720    00000040                 : BIOS.obj (.text:ti_sysbios_xdcruntime_GateThreadSupport_enter__F)
                  0c04c760    00000040                 : BIOS.obj (.text:ti_sysbios_xdcruntime_GateThreadSupport_leave__F)
                  0c04c7a0    00000040     ti_runtime_openmp_c6678_release_e66.ae66 : tomp_init.oe66 (.text:tomp_exitProcessing)
                  0c04c7e0    00000040                                              : tomp_init.oe66 (.text:tomp_initIcv)
                  0c04c820    00000040                                              : tomp_init.oe66 (.text:tomp_initLocal)
                  0c04c860    00000040                                              : tomp_task.oe66 (.text:tomp_isPtrCached)
                  0c04c8a0    00000040     ti.targets.rts6000.ae66 : Error.oe66 (.text:xdc_runtime_Error_check__F)
                  0c04c8e0    00000040                             : Error.oe66 (.text:xdc_runtime_Error_init__F)
                  0c04c920    00000040     omp_config_pe66.oe66 (.text:xdc_runtime_GateNull_Handle__label__S)
                  0c04c960    00000040     omp_config_pe66.oe66 (.text:xdc_runtime_GateNull_Object__delete__S)
                  0c04c9a0    00000040     ti.targets.rts6000.ae66 : Gate.oe66 (.text:xdc_runtime_Gate_leaveSystem__F)
                  0c04c9e0    00000040                             : Memory.oe66 (.text:xdc_runtime_Memory_free__F)
                  0c04ca20    00000040                             : Registry.oe66 (.text:xdc_runtime_Registry_findById__F)
                  0c04ca60    00000040                             : System.oe66 (.text:xdc_runtime_System_abort__F)
                  0c04caa0    00000040     omp_config_pe66.oe66 (.text:xdc_runtime_System_aprintf__E)
                  0c04cae0    00000040     omp_config_pe66.oe66 (.text:xdc_runtime_System_printf__E)
                  0c04cb20    00000040     ti.targets.rts6000.ae66 : Text.oe66 (.text:xdc_runtime_Text_ropeText__F)
                  0c04cb60    00000040     omp_config_pe66.oe66 (.text:xdc_runtime_knl_GateThread_Handle__label__S)
                  0c04cba0    00000040     ti.targets.rts6000.ae66 : GateThread.oe66 (.text:xdc_runtime_knl_GateThread_Instance_finalize__F)
                  0c04cbe0    00000040                             : GateThread.oe66 (.text:xdc_runtime_knl_GateThread_Instance_init__F)
                  0c04cc20    00000020     ti_runtime_device_c6678_release_e66.ae66 : osal.oe66 (.text:Osal_qmssBeginMemAccess)
                  0c04cc40    00000020                                              : osal.oe66 (.text:Osal_qmssEndMemAccess)
                  0c04cc60    00000020     ti_runtime_openmp_c6678_release_e66.ae66 : tomp_dp.oe66 (.text:__TI_get_DP)
                  0c04cc80    00000020                                              : omp_init.oe66 (.text:__TI_omp_config_clock_freq_in_mhz)
                  0c04cca0    00000020                                              : omp_init.oe66 (.text:__TI_omp_config_cores)
                  0c04ccc0    00000020                                              : omp_init.oe66 (.text:__TI_omp_config_hw_semaphores)
                  0c04cce0    00000020                                              : omp_init.oe66 (.text:__TI_omp_config_thread_stack)
                  0c04cd00    00000020                                              : tomp_dp.oe66 (.text:__TI_set_DP)
                  0c04cd20    00000020     rts6600_elf_mt.lib : errno.obj (.text:__c6xabi_errno_addr)
                  0c04cd40    00000020                        : trunc.obj (.text:__c6xabi_trunc)
                  0c04cd60    00000020                        : dtor_list.obj (.text:__cxa_ia64_exit)
                  0c04cd80    00000020     ti.targets.rts6000.ae66 : xdc_noinit.oe66 (.text:__xdc__init)
                  0c04cda0    00000020     ti_runtime_argsmain_release_e66.ae66 : args_main_rtsc.oe66 (.text:_args_main)
                  0c04cdc0    00000020     rts6600_elf_mt.lib : _lock.obj (.text:_nop)
                  0c04cde0    00000020                        : printf.obj (.text:_outc)
                  0c04ce00    00000020                        : printf.obj (.text:_outs)
                  0c04ce20    00000020                        : _lock.obj (.text:_register_lock)
                  0c04ce40    00000020                        : _lock.obj (.text:_register_unlock)
                  0c04ce60    00000020     sysbios.lib : c62_TaskSupport_asm.obj (.text:_ti_sysbios_family_c62_TaskSupport_glue)
                  0c04ce80    00000020                 : c64p_Hwi_asm_switch.obj (.text:_ti_sysbios_family_xxx_Hwi_switchToTaskStack)
                  0c04cea0    00000020     rts6600_elf_mt.lib : exit.obj (.text:abort)
                  0c04cec0    00000020                        : copy_zero_init.obj (.text:decompress:ZI:__TI_zero_init)
                  0c04cee0    00000020                        : copy_decompress_none.obj (.text:decompress:none:__TI_decompress_none)
                  0c04cf00    00000020                        : copy_decompress_rle.obj (.text:decompress:rle24:__TI_decompress_rle24)
                  0c04cf20    00000020                        : _mutex.obj (.text:delete_mutexes)
                  0c04cf40    00000020                        : getenv.obj (.text:getenv)
                  0c04cf60    00000020     sysbios.lib : BIOS.obj (.text:nullFunc$0)
                  0c04cf80    00000020     rts6600_elf_mt.lib : _pthread.obj (.text:pthread_equal)
                  0c04cfa0    00000020                        : fputc.obj (.text:putchar)
                  0c04cfc0    00000020     ti_runtime_ompbios_release_e66.ae66 : HeapOMP.oe66 (.text:ti_runtime_ompbios_HeapOMP_Instance_init__F)
                  0c04cfe0    00000020                                         : HeapOMP.oe66 (.text:ti_runtime_ompbios_HeapOMP_getStats__E)
                  0c04d000    00000020                                         : HeapOMP.oe66 (.text:ti_runtime_ompbios_HeapOMP_isBlocking__F)
                  0c04d020    00000020                                         : OpenMP.oe66 (.text:ti_runtime_ompbios_OpenMP_useSharedHeap__F)
                  0c04d040    00000020     omp_config_pe66.oe66 (.text:ti_sdo_ipc_GateMP_Params__init__S)
                  0c04d060    00000020     omp_config_pe66.oe66 (.text:ti_sdo_ipc_GateMP_RemoteCustom1Proxy_Object__create__S)
                  0c04d080    00000020     omp_config_pe66.oe66 (.text:ti_sdo_ipc_GateMP_RemoteCustom1Proxy_Proxy__abstract__S)
                  0c04d0a0    00000020     omp_config_pe66.oe66 (.text:ti_sdo_ipc_GateMP_RemoteCustom1Proxy_Proxy__delegate__S)
                  0c04d0c0    00000020     omp_config_pe66.oe66 (.text:ti_sdo_ipc_GateMP_RemoteCustom2Proxy_Object__create__S)
                  0c04d0e0    00000020     omp_config_pe66.oe66 (.text:ti_sdo_ipc_GateMP_RemoteCustom2Proxy_Proxy__abstract__S)
                  0c04d100    00000020     omp_config_pe66.oe66 (.text:ti_sdo_ipc_GateMP_RemoteCustom2Proxy_Proxy__delegate__S)
                  0c04d120    00000020     omp_config_pe66.oe66 (.text:ti_sdo_ipc_GateMP_RemoteSystemProxy_Object__create__S)
                  0c04d140    00000020     omp_config_pe66.oe66 (.text:ti_sdo_ipc_GateMP_RemoteSystemProxy_Proxy__abstract__S)
                  0c04d160    00000020     omp_config_pe66.oe66 (.text:ti_sdo_ipc_GateMP_RemoteSystemProxy_Proxy__delegate__S)
                  0c04d180    00000020     ipc.lib : Ipc.obj (.text:ti_sdo_ipc_GateMP_getSharedAddr__F)
                  0c04d1a0    00000020     omp_config_pe66.oe66 (.text:ti_sdo_ipc_ListMP_Params__init__S)
                  0c04d1c0    00000020     omp_config_pe66.oe66 (.text:ti_sdo_ipc_MessageQ_Object__get__S)
                  0c04d1e0    00000020     omp_config_pe66.oe66 (.text:ti_sdo_ipc_Notify_Module_GateProxy_enter__E)
                  0c04d200    00000020     omp_config_pe66.oe66 (.text:ti_sdo_ipc_Notify_Module_GateProxy_leave__E)
                  0c04d220    00000020     ipc.lib : Ipc.obj (.text:ti_sdo_ipc_family_c647x_Interrupt_intDisable__E)
                  0c04d240    00000020             : Ipc.obj (.text:ti_sdo_ipc_family_c647x_Interrupt_intEnable__E)
                  0c04d260    00000020             : Ipc.obj (.text:ti_sdo_ipc_family_c647x_NotifySetup_numIntLines__E)
                  0c04d280    00000020     omp_config_pe66.oe66 (.text:ti_sdo_ipc_gates_GateHWSem_Params__init__S)
                  0c04d2a0    00000020     ipc.lib : Ipc.obj (.text:ti_sdo_ipc_gates_GateHWSem_getReservedMask__E)
                  0c04d2c0    00000020             : Ipc.obj (.text:ti_sdo_ipc_gates_GateHWSem_query__F)
                  0c04d2e0    00000020             : Ipc.obj (.text:ti_sdo_ipc_gates_GateHWSem_sharedMemReq__E)
                  0c04d300    00000020             : Ipc.obj (.text:ti_sdo_ipc_gates_GateMPSupportNull_Instance_init__F)
                  0c04d320    00000020     omp_config_pe66.oe66 (.text:ti_sdo_ipc_gates_GateMPSupportNull_Params__init__S)
                  0c04d340    00000020     ipc.lib : Ipc.obj (.text:ti_sdo_ipc_gates_GateMPSupportNull_getReservedMask__E)
                  0c04d360    00000020             : Ipc.obj (.text:ti_sdo_ipc_gates_GateMPSupportNull_query__F)
                  0c04d380    00000020             : Ipc.obj (.text:ti_sdo_ipc_gates_GateMPSupportNull_sharedMemReq__E)
                  0c04d3a0    00000020     omp_config_pe66.oe66 (.text:ti_sdo_ipc_gates_GatePeterson_Params__init__S)
                  0c04d3c0    00000020     ipc.lib : Ipc.obj (.text:ti_sdo_ipc_gates_GatePeterson_getReservedMask__E)
                  0c04d3e0    00000020             : Ipc.obj (.text:ti_sdo_ipc_gates_GatePeterson_query__F)
                  0c04d400    00000020     omp_config_pe66.oe66 (.text:ti_sdo_ipc_heaps_HeapMemMP_Params__init__S)
                  0c04d420    00000020     ipc.lib : Ipc.obj (.text:ti_sdo_ipc_heaps_HeapMemMP_isBlocking__F)
                  0c04d440    00000020     omp_config_pe66.oe66 (.text:ti_sdo_ipc_notifyDrivers_NotifyDriverShm_Params__init__S)
                  0c04d460    00000020     omp_config_pe66.oe66 (.text:ti_sdo_ipc_nsremote_NameServerRemoteNotify_Object__first__S)
                  0c04d480    00000020     omp_config_pe66.oe66 (.text:ti_sdo_ipc_nsremote_NameServerRemoteNotify_Object__next__S)
                  0c04d4a0    00000020     omp_config_pe66.oe66 (.text:ti_sdo_ipc_nsremote_NameServerRemoteNotify_Params__init__S)
                  0c04d4c0    00000020     ipc.lib : Ipc.obj (.text:ti_sdo_ipc_nsremote_NameServerRemoteNotify_cbFxn__I)
                  0c04d4e0    00000020             : Ipc.obj (.text:ti_sdo_ipc_transports_TransportShmSetup_isRegistered__E)
                  0c04d500    00000020     omp_config_pe66.oe66 (.text:ti_sdo_ipc_transports_TransportShm_Params__init__S)
                  0c04d520    00000020     ipc.lib : Ipc.obj (.text:ti_sdo_ipc_transports_TransportShm_control__E)
                  0c04d540    00000020             : Ipc.obj (.text:ti_sdo_ipc_transports_TransportShm_getStatus__E)
                  0c04d560    00000020             : Ipc.obj (.text:ti_sdo_ipc_transports_TransportShm_notifyFxn__I)
                  0c04d580    00000020             : Ipc.obj (.text:ti_sdo_ipc_transports_TransportShm_setErrFxn__F)
                  0c04d5a0    00000020             : Ipc.obj (.text:ti_sdo_utils_List_Instance_init__F)
                  0c04d5c0    00000020     omp_config_pe66.oe66 (.text:ti_sdo_utils_List_Object__destruct__S)
                  0c04d5e0    00000020     omp_config_pe66.oe66 (.text:ti_sdo_utils_List_Object__get__S)
                  0c04d600    00000020     ipc.lib : Ipc.obj (.text:ti_sdo_utils_MultiProc_getClusterId__F)
                  0c04d620    00000020     omp_config_pe66.oe66 (.text:ti_sdo_utils_NameServer_Module__startupDone__F)
                  0c04d640    00000020     omp_config_pe66.oe66 (.text:ti_sdo_utils_NameServer_Object__first__S)
                  0c04d660    00000020     omp_config_pe66.oe66 (.text:ti_sdo_utils_NameServer_Object__next__S)
                  0c04d680    00000020     omp_config_pe66.oe66 (.text:ti_sysbios_BIOS_RtsGateProxy_enter__E)
                  0c04d6a0    00000020     omp_config_pe66.oe66 (.text:ti_sysbios_BIOS_RtsGateProxy_leave__E)
                  0c04d6c0    00000020     sysbios.lib : BIOS.obj (.text:ti_sysbios_BIOS_getThreadType__E)
                  0c04d6e0    00000020                 : BIOS.obj (.text:ti_sysbios_BIOS_setThreadType__E)
                  0c04d700    00000020     omp_config_pe66.oe66 (.text:ti_sysbios_family_c62_TaskSupport_Module__startupDone__S)
                  0c04d720    00000020     omp_config_pe66.oe66 (.text:ti_sysbios_family_c64p_Hwi_Module__startupDone__F)
                  0c04d740    00000020     omp_config_pe66.oe66 (.text:ti_sysbios_family_c64p_Hwi_Params__init__S)
                  0c04d760    00000020     sysbios.lib : BIOS.obj (.text:ti_sysbios_family_c64p_Hwi_clearInterrupt__E)
                  0c04d780    00000020                 : BIOS.obj (.text:ti_sysbios_family_c64p_Hwi_getHandle__E)
                  0c04d7a0    00000020                 : BIOS.obj (.text:ti_sysbios_family_c64p_Hwi_startup__E)
                  0c04d7c0    00000020                 : BIOS.obj (.text:ti_sysbios_family_c64p_Hwi_switchFromBootStack__E)
                  0c04d7e0    00000020                 : BIOS.obj (.text:ti_sysbios_family_c64p_Hwi_unPluggedInterrupt__I)
                  0c04d800    00000020                 : BIOS.obj (.text:ti_sysbios_family_c64p_TimestampProvider_Module_startup__F)
                  0c04d820    00000020                 : BIOS.obj (.text:ti_sysbios_family_c64p_TimestampProvider_get32__E)
                  0c04d840    00000020                 : BIOS.obj (.text:ti_sysbios_family_c64p_tci6488_TimerSupport_enable__E)
                  0c04d860    00000020                 : BIOS.obj (.text:ti_sysbios_family_c66_Cache_inv__E)
                  0c04d880    00000020                 : BIOS.obj (.text:ti_sysbios_family_c66_Cache_wbInv__E)
                  0c04d8a0    00000020                 : BIOS.obj (.text:ti_sysbios_gates_GateAll_Instance_init__F)
                  0c04d8c0    00000020                 : BIOS.obj (.text:ti_sysbios_gates_GateAll_query__F)
                  0c04d8e0    00000020                 : BIOS.obj (.text:ti_sysbios_gates_GateHwi_Instance_init__F)
                  0c04d900    00000020                 : BIOS.obj (.text:ti_sysbios_gates_GateHwi_enter__E)
                  0c04d920    00000020                 : BIOS.obj (.text:ti_sysbios_gates_GateHwi_leave__E)
                  0c04d940    00000020                 : BIOS.obj (.text:ti_sysbios_gates_GateHwi_query__F)
                  0c04d960    00000020                 : BIOS.obj (.text:ti_sysbios_gates_GateMutexPri_query__F)
                  0c04d980    00000020                 : BIOS.obj (.text:ti_sysbios_gates_GateMutex_query__F)
                  0c04d9a0    00000020                 : BIOS.obj (.text:ti_sysbios_gates_GateSwi_Instance_init__F)
                  0c04d9c0    00000020                 : BIOS.obj (.text:ti_sysbios_gates_GateSwi_query__F)
                  0c04d9e0    00000020                 : BIOS.obj (.text:ti_sysbios_hal_Hwi_Module_startup__F)
                  0c04da00    00000020     omp_config_pe66.oe66 (.text:ti_sysbios_hal_Timer_Module__startupDone__F)
                  0c04da20    00000020     sysbios.lib : BIOS.obj (.text:ti_sysbios_hal_Timer_Module_startup__F)
                  0c04da40    00000020     omp_config_pe66.oe66 (.text:ti_sysbios_hal_Timer_TimerProxy_getExpiredCounts__E)
                  0c04da60    00000020     omp_config_pe66.oe66 (.text:ti_sysbios_hal_Timer_TimerProxy_getPeriod__E)
                  0c04da80    00000020     omp_config_pe66.oe66 (.text:ti_sysbios_hal_Timer_TimerProxy_setNextTick__E)
                  0c04daa0    00000020     omp_config_pe66.oe66 (.text:ti_sysbios_heaps_HeapMem_Module_GateProxy_enter__E)
                  0c04dac0    00000020     omp_config_pe66.oe66 (.text:ti_sysbios_heaps_HeapMem_Module_GateProxy_leave__E)
                  0c04dae0    00000020     sysbios.lib : BIOS.obj (.text:ti_sysbios_heaps_HeapMem_isBlocking__E)
                  0c04db00    00000020     omp_config_pe66.oe66 (.text:ti_sysbios_knl_Clock_Params__init__S)
                  0c04db20    00000020     sysbios.lib : BIOS.obj (.text:ti_sysbios_knl_Queue_Instance_init__F)
                  0c04db40    00000020     omp_config_pe66.oe66 (.text:ti_sysbios_knl_Queue_Object__destruct__S)
                  0c04db60    00000020     omp_config_pe66.oe66 (.text:ti_sysbios_knl_Queue_Object__get__S)
                  0c04db80    00000020     sysbios.lib : BIOS.obj (.text:ti_sysbios_knl_Queue_empty__E)
                  0c04dba0    00000020     omp_config_pe66.oe66 (.text:ti_sysbios_knl_Semaphore_Params__init__S)
                  0c04dbc0    00000020     omp_config_pe66.oe66 (.text:ti_sysbios_knl_Swi_Params__init__S)
                  0c04dbe0    00000020     sysbios.lib : BIOS.obj (.text:ti_sysbios_knl_Swi_disable__E)
                  0c04dc00    00000020     omp_config_pe66.oe66 (.text:ti_sysbios_knl_Task_Object__first__S)
                  0c04dc20    00000020     omp_config_pe66.oe66 (.text:ti_sysbios_knl_Task_Object__next__S)
                  0c04dc40    00000020     sysbios.lib : BIOS.obj (.text:ti_sysbios_knl_Task_disable__E)
                  0c04dc60    00000020                 : BIOS.obj (.text:ti_sysbios_knl_Task_getPri__E)
                  0c04dc80    00000020                 : BIOS.obj (.text:ti_sysbios_knl_Task_self__E)
                  0c04dca0    00000020     omp_config_pe66.oe66 (.text:ti_sysbios_timers_timer64_Timer_Module__startupDone__F)
[...]
88ed903c  ti_sdo_utils_NameServer_Instance_State_nameList__O                        
88ed9040  ti_sdo_utils_NameServer_Module__diagsEnabled__C                           
88ed9044  ti_sdo_utils_NameServer_Module__diagsIncluded__C                          
88ed9048  ti_sdo_utils_NameServer_Module__diagsMask__C                              
88ed904c  ti_sdo_utils_NameServer_Object__count__C                                  
88ed9050  ti_sysbios_BIOS_Module__diagsEnabled__C                                   
88ed9054  ti_sysbios_BIOS_Module__diagsIncluded__C                                  
88ed9058  ti_sysbios_BIOS_Module__diagsMask__C                                      
88ed905c  ti_sysbios_BIOS_installedErrorHook__C                                     
88ed9060  ti_sysbios_family_c64p_Exception_E_exceptionMin__C                        
88ed9064  ti_sysbios_family_c64p_Exception_exceptionHook__C                         
88ed9068  ti_sysbios_family_c64p_Exception_externalHook__C                          
88ed906c  ti_sysbios_family_c64p_Exception_internalHook__C                          
88ed9070  ti_sysbios_family_c64p_Exception_nmiHook__C                               
88ed9074  ti_sysbios_family_c64p_Hwi_E_alreadyDefined__C                            
88ed9078  ti_sysbios_family_c64p_Hwi_E_handleNotFound__C                            
88ed907c  ti_sysbios_family_c64p_Hwi_LD_end__C                                      
88ed9080  ti_sysbios_family_c64p_Hwi_LM_begin__C                                    
88ed9084  ti_sysbios_family_c64p_Hwi_Module__diagsEnabled__C                        
88ed9088  ti_sysbios_family_c64p_Hwi_Module__diagsIncluded__C                       
88ed908c  ti_sysbios_family_c64p_Hwi_Module__diagsMask__C                           
88ed9090  ti_sysbios_family_c64p_Hwi_Module__loggerFxn1__C                          
88ed9094  ti_sysbios_family_c64p_Hwi_Module__loggerFxn8__C                          
88ed9098  ti_sysbios_family_c64p_Hwi_Module__loggerObj__C                           
88ed909c  ti_sysbios_family_c66_Cache_atomicBlockSize__C                            
88ed90a0  ti_sysbios_gates_GateMutexPri_A_badContext__C                             
88ed90a4  ti_sysbios_gates_GateMutexPri_Instance_State_pendQ__O                     
88ed90a8  ti_sysbios_gates_GateMutexPri_Module__diagsEnabled__C                     
88ed90ac  ti_sysbios_gates_GateMutexPri_Module__diagsIncluded__C                    
88ed90b0  ti_sysbios_gates_GateMutexPri_Module__diagsMask__C                        
88ed90b4  ti_sysbios_gates_GateMutex_A_badContext__C                                
88ed90b8  ti_sysbios_gates_GateMutex_Instance_State_sem__O                          
88ed90bc  ti_sysbios_gates_GateMutex_Module__diagsEnabled__C                        
88ed90c0  ti_sysbios_gates_GateMutex_Module__diagsIncluded__C                       
88ed90c4  ti_sysbios_gates_GateMutex_Module__diagsMask__C                           
88ed90c8  ti_sysbios_gates_GateSwi_A_badContext__C                                  
88ed90cc  ti_sysbios_gates_GateSwi_Module__diagsEnabled__C                          
88ed90d0  ti_sysbios_gates_GateSwi_Module__diagsIncluded__C                         
88ed90d4  ti_sysbios_gates_GateSwi_Module__diagsMask__C                             
88ed90d8  ti_sysbios_heaps_HeapMem_A_align__C                                       
88ed90dc  ti_sysbios_heaps_HeapMem_A_heapSize__C                                    
88ed90e0  ti_sysbios_heaps_HeapMem_A_invalidFree__C                                 
88ed90e4  ti_sysbios_heaps_HeapMem_A_zeroBlock__C                                   
88ed90e8  ti_sysbios_heaps_HeapMem_E_memory__C                                      
88ed90ec  ti_sysbios_heaps_HeapMem_Module__diagsEnabled__C                          
88ed90f0  ti_sysbios_heaps_HeapMem_Module__diagsIncluded__C                         
88ed90f4  ti_sysbios_heaps_HeapMem_Module__diagsMask__C                             
88ed90f8  ti_sysbios_heaps_HeapMem_Module__gateObj__C                               
88ed90fc  ti_sysbios_heaps_HeapMem_Object__count__C                                 
88ed9100  ti_sysbios_heaps_HeapMem_reqAlignMask__C                                  
88ed9104  ti_sysbios_heaps_HeapMem_reqAlign__C                                      
88ed9108  ti_sysbios_knl_Clock_A_badThreadType__C                                   
88ed910c  ti_sysbios_knl_Clock_LM_begin__C                                          
88ed9110  ti_sysbios_knl_Clock_LM_tick__C                                           
88ed9114  ti_sysbios_knl_Clock_LW_delayed__C                                        
88ed9118  ti_sysbios_knl_Clock_Module_State_clockQ__O                               
88ed911c  ti_sysbios_knl_Clock_Module__diagsEnabled__C                              
88ed9120  ti_sysbios_knl_Clock_Module__diagsIncluded__C                             
88ed9124  ti_sysbios_knl_Clock_Module__diagsMask__C                                 
88ed9128  ti_sysbios_knl_Clock_Module__loggerFxn1__C                                
88ed912c  ti_sysbios_knl_Clock_Module__loggerFxn2__C                                
88ed9130  ti_sysbios_knl_Clock_Module__loggerObj__C                                 
88ed9134  ti_sysbios_knl_Clock_tickMode__C                                          
88ed9138  ti_sysbios_knl_Clock_tickSource__C                                        
88ed913c  ti_sysbios_knl_Semaphore_A_badContext__C                                  
88ed9140  ti_sysbios_knl_Semaphore_A_noEvents__C                                    
88ed9144  ti_sysbios_knl_Semaphore_A_overflow__C                                    
88ed9148  ti_sysbios_knl_Semaphore_Instance_State_pendQ__O                          
88ed914c  ti_sysbios_knl_Semaphore_LM_pend__C                                       
88ed9150  ti_sysbios_knl_Semaphore_LM_post__C                                       
88ed9154  ti_sysbios_knl_Semaphore_Module__diagsEnabled__C                          
88ed9158  ti_sysbios_knl_Semaphore_Module__diagsIncluded__C                         
88ed915c  ti_sysbios_knl_Semaphore_Module__diagsMask__C                             
88ed9160  ti_sysbios_knl_Semaphore_Module__loggerFxn2__C                            
88ed9164  ti_sysbios_knl_Semaphore_Module__loggerFxn4__C                            
88ed9168  ti_sysbios_knl_Semaphore_Module__loggerObj__C                             
88ed916c  ti_sysbios_knl_Swi_A_badPriority__C                                       
88ed9170  ti_sysbios_knl_Swi_LD_end__C                                              
88ed9174  ti_sysbios_knl_Swi_LM_begin__C                                            
88ed9178  ti_sysbios_knl_Swi_LM_post__C                                             
88ed917c  ti_sysbios_knl_Swi_Module__diagsEnabled__C                                
88ed9180  ti_sysbios_knl_Swi_Module__diagsIncluded__C                               
88ed9184  ti_sysbios_knl_Swi_Module__diagsMask__C                                   
88ed9188  ti_sysbios_knl_Swi_Module__loggerFxn1__C                                  
88ed918c  ti_sysbios_knl_Swi_Module__loggerFxn4__C                                  
88ed9190  ti_sysbios_knl_Swi_Module__loggerObj__C                                   
88ed9194  ti_sysbios_knl_Swi_Object__count__C                                       
88ed9198  ti_sysbios_knl_Task_A_badPriority__C                                      
88ed919c  ti_sysbios_knl_Task_LD_block__C                                           
88ed91a0  ti_sysbios_knl_Task_LD_exit__C                                            
88ed91a4  ti_sysbios_knl_Task_LD_ready__C                                           
88ed91a8  ti_sysbios_knl_Task_LM_setPri__C                                          
88ed91ac  ti_sysbios_knl_Task_LM_switch__C                                          
88ed91b0  ti_sysbios_knl_Task_LM_yield__C                                           
88ed91b4  ti_sysbios_knl_Task_Module_State_inactiveQ__O                             
88ed91b8  ti_sysbios_knl_Task_Module_State_terminatedQ__O                           
88ed91bc  ti_sysbios_knl_Task_Module__diagsEnabled__C                               
88ed91c0  ti_sysbios_knl_Task_Module__diagsIncluded__C                              
88ed91c4  ti_sysbios_knl_Task_Module__diagsMask__C                                  
88ed91c8  ti_sysbios_knl_Task_Module__loggerFxn2__C                                 
88ed91cc  ti_sysbios_knl_Task_Module__loggerFxn4__C                                 
88ed91d0  ti_sysbios_knl_Task_Module__loggerObj__C                                  
88ed91d4  ti_sysbios_knl_Task_Object__count__C                                      
88ed91d8  ti_sysbios_knl_Task_allBlockedFunc__C                                     
88ed91dc  ti_sysbios_knl_Task_numConstructedTasks__C                                
88ed91e0  ti_sysbios_knl_Task_numPriorities__C                                      
88ed91e4  ti_sysbios_timers_timer64_Timer_A_notAvailable__C                         
88ed91e8  ti_sysbios_timers_timer64_Timer_E_cannotSupport__C                        
88ed91ec  ti_sysbios_timers_timer64_Timer_Module__diagsEnabled__C                   
88ed91f0  ti_sysbios_timers_timer64_Timer_Module__diagsIncluded__C                  
88ed91f4  ti_sysbios_timers_timer64_Timer_Module__diagsMask__C                      
88ed91f8  ti_sysbios_timers_timer64_Timer_anyMask__C                                
88ed91fc  ti_sysbios_timers_timer64_Timer_freqDivisor__C                            
88ed9200  ti_sysbios_timers_timer64_Timer_numLocalTimers__C                         
88ed9204  ti_sysbios_timers_timer64_Timer_numTimerDevices__C                        
88ed9208  ti_sysbios_xdcruntime_GateThreadSupport_Instance_State_gate__O            
88ed920c  xdc_runtime_Assert_E_assertFailed__C                                      
88ed9210  xdc_runtime_Core_A_initializedParams__C                                   
88ed9214  xdc_runtime_Core_Module__diagsEnabled__C                                  
88ed9218  xdc_runtime_Core_Module__diagsIncluded__C                                 
88ed921c  xdc_runtime_Core_Module__diagsMask__C                                     
88ed9220  xdc_runtime_Error_E_generic__C                                            
88ed9224  xdc_runtime_Error_E_memory__C                                             
88ed9228  xdc_runtime_Error_Module__diagsEnabled__C                                 
88ed922c  xdc_runtime_Error_Module__diagsIncluded__C                                
88ed9230  xdc_runtime_Error_Module__diagsMask__C                                    
88ed9234  xdc_runtime_Error_Module__loggerFxn8__C                                   
88ed9238  xdc_runtime_Error_Module__loggerObj__C                                    
88ed923c  xdc_runtime_Error_policy__C                                               
88ed9240  xdc_runtime_Error_raiseHook__C                                            
88ed9244  xdc_runtime_IGateProvider_Interface__BASE__C                              
88ed9248  xdc_runtime_IHeap_Interface__BASE__C                                      
88ed924c  xdc_runtime_IModule_Interface__BASE__C                                    
88ed9250  xdc_runtime_Log_L_error__C                                                
88ed9254  xdc_runtime_Memory_defaultHeapInstance__C                                 
88ed9258  xdc_runtime_Startup_execImpl__C                                           
88ed925c  xdc_runtime_Startup_maxPasses__C                                          
88ed9260  xdc_runtime_Startup_sfxnRts__C                                            
88ed9264  xdc_runtime_Startup_sfxnTab__C                                            
88ed9268  xdc_runtime_System_Module__gateObj__C                                     
88ed926c  xdc_runtime_System_extendFxn__C                                           
88ed9270  xdc_runtime_System_maxAtexitHandlers__C                                   
88ed9274  xdc_runtime_Text_charTab__C                                               
88ed9278  xdc_runtime_Text_nameEmpty__C                                             
88ed927c  xdc_runtime_Text_nameStatic__C                                            
88ed9280  xdc_runtime_Text_nameUnknown__C                                           
88ed9284  xdc_runtime_Text_nodeTab__C                                               
88ed9288  xdc_runtime_Text_visitRopeFxn__C                                          
88ed928c  ti_sdo_ipc_GateMP_Module__loggerDefined__C                                
88ed928e  ti_sdo_ipc_Ipc_Module__id__C                                              
88ed9290  ti_sdo_ipc_Ipc_generateSlaveDataForHost__C                                
88ed9292  ti_sdo_ipc_ListMP_Module__id__C                                           
88ed9294  ti_sdo_ipc_MessageQ_Module__id__C                                         
88ed9296  ti_sdo_ipc_MessageQ_Module__loggerDefined__C                              
88ed9298  ti_sdo_ipc_Notify_Module__id__C                                           
88ed929a  ti_sdo_ipc_Notify_numLines__C                                             
88ed929c  ti_sdo_ipc_Notify_reservedEvents__C                                       
88ed929e  ti_sdo_ipc_SharedRegion_Module__id__C                                     
88ed92a0  ti_sdo_ipc_SharedRegion_numEntries__C                                     
88ed92a2  ti_sdo_ipc_SharedRegion_translate__C                                      
88ed92a4  ti_sdo_ipc_family_c647x_Interrupt_enableKick__C                           
88ed92a6  ti_sdo_ipc_family_c647x_MultiProcSetup_Module__id__C                      
88ed92a8  ti_sdo_ipc_gates_GateHWSem_Module__id__C                                  
88ed92aa  ti_sdo_ipc_gates_GateMPSupportNull_Module__id__C                          
88ed92ac  ti_sdo_ipc_gates_GatePeterson_Module__id__C                               
88ed92ae  ti_sdo_ipc_heaps_HeapMemMP_Module__id__C                                  
88ed92b0  ti_sdo_ipc_notifyDrivers_NotifyDriverShm_Module__id__C                    
88ed92b2  ti_sdo_ipc_nsremote_NameServerRemoteNotify_Module__id__C                  
88ed92b4  ti_sdo_ipc_transports_TransportShm_Module__id__C                          
88ed92b6  ti_sdo_ipc_transports_TransportShm_notifyEventId__C                       
88ed92b8  ti_sdo_utils_MultiProc_Module__id__C                                      
88ed92ba  ti_sdo_utils_MultiProc_numProcessors__C                                   
88ed92bc  ti_sdo_utils_MultiProc_numProcsInCluster__C                               
88ed92be  ti_sdo_utils_NameServer_Module__id__C                                     
88ed92c0  ti_sysbios_BIOS_Module__id__C                                             
88ed92c2  ti_sysbios_family_c64p_Exception_Module__id__C                            
88ed92c4  ti_sysbios_family_c64p_Hwi_Module__id__C                                  
88ed92c6  ti_sysbios_family_c64p_Hwi_Module__loggerDefined__C                       
88ed92c8  ti_sysbios_gates_GateMutexPri_Module__id__C                               
88ed92ca  ti_sysbios_gates_GateMutex_Module__id__C                                  
88ed92cc  ti_sysbios_gates_GateSwi_Module__id__C                                    
88ed92ce  ti_sysbios_heaps_HeapMem_Module__id__C                                    
88ed92d0  ti_sysbios_knl_Clock_Module__id__C                                        
88ed92d2  ti_sysbios_knl_Clock_Module__loggerDefined__C                             
88ed92d4  ti_sysbios_knl_Semaphore_Module__id__C                                    
88ed92d6  ti_sysbios_knl_Semaphore_Module__loggerDefined__C                         
88ed92d8  ti_sysbios_knl_Swi_Module__id__C                                          
88ed92da  ti_sysbios_knl_Swi_Module__loggerDefined__C                               
88ed92dc  ti_sysbios_knl_Task_Module__id__C                                         
88ed92de  ti_sysbios_knl_Task_Module__loggerDefined__C                              
88ed92e0  ti_sysbios_knl_Task_deleteTerminatedTasks__C                              
88ed92e2  ti_sysbios_knl_Task_initStackFlag__C                                      
88ed92e4  ti_sysbios_timers_timer64_Timer_Module__id__C                             
88ed92e6  ti_sysbios_timers_timer64_Timer_startupNeeded__C                          
88ed92e8  xdc_runtime_Core_Module__id__C                                            
88ed92ea  xdc_runtime_Error_Module__loggerDefined__C                                
88ed92ec  xdc_runtime_Error_maxDepth__C                                             
88ed92ee  xdc_runtime_Memory_Module__id__C                                          
88ed92f0  xdc_runtime_Text_charCnt__C                                               
88ed92f2  xdc_runtime_Text_isLoaded__C                                              
88ed92f4  xdc_runtime_Text_registryModsLastId__C                                    
88ed92f6  xdc_runtime_Text_unnamedModsLastId__C                                     
88ed92f8  qmssGblCfgParams                                                          
88ed9418  tomp_ErrorString                                                          
88ed9430  __TI_TLS_MAIN_THREAD_Base                                                 
88ed9430  errno                                                                     
88ed9500  Ipc_sr0MemorySetup                                                        
88ed9504  __TI_STATIC_BASE                                                          
88ed950c  stopThreads                                                               
88ed9df4  __TI_Handler_Table_Base                                                   
88ed9e00  __TI_Handler_Table_Limit                                                  
88ed9e28  __TI_CINIT_Base                                                           
88ed9e58  __TI_CINIT_Limit                                                          
88ed9e6c  __TI_TLS_INIT_Base                                                        
88ed9e7c  __TI_TLS_INIT_Limit                                                       
a0000000  tomp_queues                                                               
a0000030  tomp_qmssMemRegInfo                                                       
a0000080  tomp_svEventBufMem                                                        
a000a080  gomp_global_icv                                                           
a000a08c  gomp_max_active_levels_var                                                
a000a090  gomp_thread_limit_var                                                     
a000a094  tomp_svCoreBarrier                                                        
a000a100  queueFree                                                                 
a000c100  qmssGObj                                                                  
ffffffff  __TI_pprof_out_hndl                                                       
ffffffff  __TI_prof_data_size                                                       
ffffffff  __TI_prof_data_start                                                      
ffffffff  __binit__                                                                 
ffffffff  __c_args__                                                                
ffffffff  binit                                                                     
UNDEFED   __TI_INITARRAY_Base                                                       
UNDEFED   __TI_INITARRAY_Limit                                                      

[1408 symbols]
